Archive member included to satisfy reference by file (symbol)

c:/nxp/mcuxpressoide_11.8.0_1165/ide/plugins/com.nxp.mcuxpresso.tools.win32_11.8.0.202306131047/tools/bin/../lib/gcc/arm-none-eabi/12.2.1/../../../../arm-none-eabi/lib/thumb/v7e-m+fp/hard\libcr_nohost_nf.a(_cr__main.o)
                              ./startup/startup_mk64f12.o (__main)
c:/nxp/mcuxpressoide_11.8.0_1165/ide/plugins/com.nxp.mcuxpresso.tools.win32_11.8.0.202306131047/tools/bin/../lib/gcc/arm-none-eabi/12.2.1/../../../../arm-none-eabi/lib/thumb/v7e-m+fp/hard\libcr_c.a(memcpy.o)
                              ./utilities/fsl_debug_console.o (memcpy)
c:/nxp/mcuxpressoide_11.8.0_1165/ide/plugins/com.nxp.mcuxpresso.tools.win32_11.8.0.202306131047/tools/bin/../lib/gcc/arm-none-eabi/12.2.1/../../../../arm-none-eabi/lib/thumb/v7e-m+fp/hard\libcr_c.a(memset.o)
                              ./drivers/fsl_ftfx_cache.o (memset)
c:/nxp/mcuxpressoide_11.8.0_1165/ide/plugins/com.nxp.mcuxpresso.tools.win32_11.8.0.202306131047/tools/bin/../lib/gcc/arm-none-eabi/12.2.1/../../../../arm-none-eabi/lib/thumb/v7e-m+fp/hard\libcr_c.a(alloc.o)
                              ./drivers/fsl_common.o (malloc)
c:/nxp/mcuxpressoide_11.8.0_1165/ide/plugins/com.nxp.mcuxpresso.tools.win32_11.8.0.202306131047/tools/bin/../lib/gcc/arm-none-eabi/12.2.1/../../../../arm-none-eabi/lib/thumb/v7e-m+fp/hard\libcr_c.a(fpprintf.o)
                              ./source/uart_hardware_flow_control.o (printf)
c:/nxp/mcuxpressoide_11.8.0_1165/ide/plugins/com.nxp.mcuxpresso.tools.win32_11.8.0.202306131047/tools/bin/../lib/gcc/arm-none-eabi/12.2.1/../../../../arm-none-eabi/lib/thumb/v7e-m+fp/hard\libcr_c.a(initio.o)
                              c:/nxp/mcuxpressoide_11.8.0_1165/ide/plugins/com.nxp.mcuxpresso.tools.win32_11.8.0.202306131047/tools/bin/../lib/gcc/arm-none-eabi/12.2.1/../../../../arm-none-eabi/lib/thumb/v7e-m+fp/hard\libcr_nohost_nf.a(_cr__main.o) (_initio)
c:/nxp/mcuxpressoide_11.8.0_1165/ide/plugins/com.nxp.mcuxpresso.tools.win32_11.8.0.202306131047/tools/bin/../lib/gcc/arm-none-eabi/12.2.1/../../../../arm-none-eabi/lib/thumb/v7e-m+fp/hard\libcr_c.a(printf.o)
                              c:/nxp/mcuxpressoide_11.8.0_1165/ide/plugins/com.nxp.mcuxpresso.tools.win32_11.8.0.202306131047/tools/bin/../lib/gcc/arm-none-eabi/12.2.1/../../../../arm-none-eabi/lib/thumb/v7e-m+fp/hard\libcr_c.a(fpprintf.o) (__vfprintf)
c:/nxp/mcuxpressoide_11.8.0_1165/ide/plugins/com.nxp.mcuxpresso.tools.win32_11.8.0.202306131047/tools/bin/../lib/gcc/arm-none-eabi/12.2.1/../../../../arm-none-eabi/lib/thumb/v7e-m+fp/hard\libcr_c.a(setvbuf.o)
                              c:/nxp/mcuxpressoide_11.8.0_1165/ide/plugins/com.nxp.mcuxpresso.tools.win32_11.8.0.202306131047/tools/bin/../lib/gcc/arm-none-eabi/12.2.1/../../../../arm-none-eabi/lib/thumb/v7e-m+fp/hard\libcr_c.a(initio.o) (setvbuf)
c:/nxp/mcuxpressoide_11.8.0_1165/ide/plugins/com.nxp.mcuxpresso.tools.win32_11.8.0.202306131047/tools/bin/../lib/gcc/arm-none-eabi/12.2.1/../../../../arm-none-eabi/lib/thumb/v7e-m+fp/hard\libcr_c.a(strlen.o)
                              ./utilities/fsl_debug_console.o (strlen)
c:/nxp/mcuxpressoide_11.8.0_1165/ide/plugins/com.nxp.mcuxpresso.tools.win32_11.8.0.202306131047/tools/bin/../lib/gcc/arm-none-eabi/12.2.1/../../../../arm-none-eabi/lib/thumb/v7e-m+fp/hard\libcr_c.a(__init_alloc.o)
                              c:/nxp/mcuxpressoide_11.8.0_1165/ide/plugins/com.nxp.mcuxpresso.tools.win32_11.8.0.202306131047/tools/bin/../lib/gcc/arm-none-eabi/12.2.1/../../../../arm-none-eabi/lib/thumb/v7e-m+fp/hard\libcr_c.a(alloc.o) (__heaps)
c:/nxp/mcuxpressoide_11.8.0_1165/ide/plugins/com.nxp.mcuxpresso.tools.win32_11.8.0.202306131047/tools/bin/../lib/gcc/arm-none-eabi/12.2.1/../../../../arm-none-eabi/lib/thumb/v7e-m+fp/hard\libcr_c.a(_cr_sbrk.o)
                              c:/nxp/mcuxpressoide_11.8.0_1165/ide/plugins/com.nxp.mcuxpresso.tools.win32_11.8.0.202306131047/tools/bin/../lib/gcc/arm-none-eabi/12.2.1/../../../../arm-none-eabi/lib/thumb/v7e-m+fp/hard\libcr_c.a(alloc.o) (_sbrk)
c:/nxp/mcuxpressoide_11.8.0_1165/ide/plugins/com.nxp.mcuxpresso.tools.win32_11.8.0.202306131047/tools/bin/../lib/gcc/arm-none-eabi/12.2.1/../../../../arm-none-eabi/lib/thumb/v7e-m+fp/hard\libcr_c.a(_deferredlazyseek.o)
                              c:/nxp/mcuxpressoide_11.8.0_1165/ide/plugins/com.nxp.mcuxpresso.tools.win32_11.8.0.202306131047/tools/bin/../lib/gcc/arm-none-eabi/12.2.1/../../../../arm-none-eabi/lib/thumb/v7e-m+fp/hard\libcr_c.a(fpprintf.o) (__flsbuf)
c:/nxp/mcuxpressoide_11.8.0_1165/ide/plugins/com.nxp.mcuxpresso.tools.win32_11.8.0.202306131047/tools/bin/../lib/gcc/arm-none-eabi/12.2.1/../../../../arm-none-eabi/lib/thumb/v7e-m+fp/hard\libcr_c.a(_fdopen.o)
                              c:/nxp/mcuxpressoide_11.8.0_1165/ide/plugins/com.nxp.mcuxpresso.tools.win32_11.8.0.202306131047/tools/bin/../lib/gcc/arm-none-eabi/12.2.1/../../../../arm-none-eabi/lib/thumb/v7e-m+fp/hard\libcr_c.a(initio.o) (_fdopen)
[...]
Memory Configuration

Name             Origin             Length             Attributes
PROGRAM_FLASH    0x00000000         0x00100000         xr
SRAM_UPPER       0x20000000         0x00030000         xrw
SRAM_LOWER       0x1fff0000         0x00010000         xrw
FLEX_RAM         0x14000000         0x00001000         xrw
*default*        0x00000000         0xffffffff

Linker script and memory map

LOAD ./utilities/fsl_assert.o
LOAD ./utilities/fsl_debug_console.o
LOAD ./startup/startup_mk64f12.o
LOAD ./source/semihost_hardfault.o
LOAD ./source/uart_hardware_flow_control.o
LOAD ./drivers/fsl_clock.o
LOAD ./drivers/fsl_common.o
LOAD ./drivers/fsl_common_arm.o
LOAD ./drivers/fsl_ftfx_cache.o
LOAD ./drivers/fsl_ftfx_controller.o
LOAD ./drivers/fsl_ftfx_flash.o
LOAD ./drivers/fsl_ftfx_flexnvm.o
LOAD ./drivers/fsl_gpio.o
LOAD ./drivers/fsl_smc.o
LOAD ./drivers/fsl_uart.o
LOAD ./device/system_MK64F12.o
LOAD ./component/uart/fsl_adapter_uart.o
LOAD ./component/lists/fsl_component_generic_list.o
LOAD ./board/board.o
LOAD ./board/clock_config.o
LOAD ./board/pin_mux.o
START GROUP
LOAD c:/nxp/mcuxpressoide_11.8.0_1165/ide/plugins/com.nxp.mcuxpresso.tools.win32_11.8.0.202306131047/tools/bin/../lib/gcc/arm-none-eabi/12.2.1/../../../../arm-none-eabi/lib/thumb/v7e-m+fp/hard\libcr_nohost_nf.a
LOAD c:/nxp/mcuxpressoide_11.8.0_1165/ide/plugins/com.nxp.mcuxpresso.tools.win32_11.8.0.202306131047/tools/bin/../lib/gcc/arm-none-eabi/12.2.1/../../../../arm-none-eabi/lib/thumb/v7e-m+fp/hard\libcr_c.a
LOAD c:/nxp/mcuxpressoide_11.8.0_1165/ide/plugins/com.nxp.mcuxpresso.tools.win32_11.8.0.202306131047/tools/bin/../lib/gcc/arm-none-eabi/12.2.1/thumb/v7e-m+fp/hard\libcr_eabihelpers.a
LOAD c:/nxp/mcuxpressoide_11.8.0_1165/ide/plugins/com.nxp.mcuxpresso.tools.win32_11.8.0.202306131047/tools/bin/../lib/gcc/arm-none-eabi/12.2.1/thumb/v7e-m+fp/hard\libgcc.a
END GROUP
                0x00000000                __base_PROGRAM_FLASH = 0x0
                0x00000000                __base_Flash = 0x0
                0x00100000                __top_PROGRAM_FLASH = 0x100000
                0x00100000                __top_Flash = 0x100000
                0x20000000                __base_SRAM_UPPER = 0x20000000
                0x20000000                __base_RAM = 0x20000000
                0x20030000                __top_SRAM_UPPER = 0x20030000
                0x20030000                __top_RAM = 0x20030000
                0x1fff0000                __base_SRAM_LOWER = 0x1fff0000
                0x1fff0000                __base_RAM2 = 0x1fff0000
                0x20000000                __top_SRAM_LOWER = 0x20000000
                0x20000000                __top_RAM2 = 0x20000000
                0x14000000                __base_FLEX_RAM = 0x14000000
                0x14000000                __base_RAM3 = 0x14000000
                0x14001000                __top_FLEX_RAM = 0x14001000
                0x14001000                __top_RAM3 = 0x14001000

.text           0x00000000     0x3a88
 FILL mask 0xff
                0x00000000                __vectors_start__ = ABSOLUTE (.)
 *(SORT_BY_ALIGNMENT(.isr_vector))
 .isr_vector    0x00000000      0x198 ./startup/startup_mk64f12.o
                0x00000000                g_pfnVectors
                0x00000000                __Vectors
                0x00000198                . = ALIGN (0x4)
                0x00000198                __section_table_start = .
                0x00000198                __data_section_table = .
                0x00000198        0x4 LONG 0x3a88 LOADADDR (.data)
                0x0000019c        0x4 LONG 0x20000000 ADDR (.data)
                0x000001a0        0x4 LONG 0x10 SIZEOF (.data)
                0x000001a4        0x4 LONG 0x3a88 LOADADDR (.data_RAM2)
                0x000001a8        0x4 LONG 0x1fff0000 ADDR (.data_RAM2)
                0x000001ac        0x4 LONG 0x0 SIZEOF (.data_RAM2)
                0x000001b0        0x4 LONG 0x3a88 LOADADDR (.data_RAM3)
                0x000001b4        0x4 LONG 0x14000000 ADDR (.data_RAM3)
                0x000001b8        0x4 LONG 0x0 SIZEOF (.data_RAM3)
                0x000001bc                __data_section_table_end = .
                0x000001bc                __bss_section_table = .
                0x000001bc        0x4 LONG 0x20000010 ADDR (.bss)
                0x000001c0        0x4 LONG 0x130 SIZEOF (.bss)
                0x000001c4        0x4 LONG 0x1fff0000 ADDR (.bss_RAM2)
                0x000001c8        0x4 LONG 0x0 SIZEOF (.bss_RAM2)
                0x000001cc        0x4 LONG 0x14000000 ADDR (.bss_RAM3)
                0x000001d0        0x4 LONG 0x0 SIZEOF (.bss_RAM3)
                0x000001d4                __bss_section_table_end = .
                0x000001d4                __section_table_end = .
 *(SORT_BY_ALIGNMENT(.after_vectors*))
 .after_vectors.reset
                0x000001d4       0x4c ./startup/startup_mk64f12.o
                0x000001d4                ResetISR
 .after_vectors.init_data
                0x00000220       0x1e ./startup/startup_mk64f12.o
                0x00000220                data_init
 .after_vectors.init_bss
                0x0000023e       0x12 ./startup/startup_mk64f12.o
                0x0000023e                bss_init
 .after_vectors
                0x00000250       0x14 ./startup/startup_mk64f12.o
                0x00000250                NMI_Handler
                0x00000254                MemManage_Handler
                0x00000256                BusFault_Handler
                0x00000258                UsageFault_Handler
                0x0000025a                SVC_Handler
                0x0000025c                DebugMon_Handler
                0x0000025e                PendSV_Handler
                0x00000260                SysTick_Handler
                0x00000262                DMA_Error_DriverIRQHandler
                0x00000262                LPTMR0_DriverIRQHandler
                0x00000262                FTM1_DriverIRQHandler
                0x00000262                FTM2_DriverIRQHandler
                0x00000262                PIT2_DriverIRQHandler
                0x00000262                SDHC_DriverIRQHandler
                0x00000262                I2S0_Tx_DriverIRQHandler
                0x00000262                RTC_Seconds_DriverIRQHandler
                0x00000262                DMA6_DriverIRQHandler
                0x00000262                LLWU_DriverIRQHandler
                0x00000262                MCM_DriverIRQHandler
                0x00000262                MCG_DriverIRQHandler
                0x00000262                ENET_1588_Timer_DriverIRQHandler
                0x00000262                I2C2_DriverIRQHandler
                0x00000262                DAC1_DriverIRQHandler
                0x00000262                SPI1_DriverIRQHandler
                0x00000262                CMP1_DriverIRQHandler
                0x00000262                FTM0_DriverIRQHandler
                0x00000262                IntDefaultHandler
                0x00000262                USB0_DriverIRQHandler
                0x00000262                UART5_ERR_DriverIRQHandler
                0x00000262                PORTC_DriverIRQHandler
                0x00000262                DMA11_DriverIRQHandler
                0x00000262                DAC0_DriverIRQHandler
                0x00000262                DMA10_DriverIRQHandler
                0x00000262                CMP2_DriverIRQHandler
                0x00000262                UART2_ERR_DriverIRQHandler
                0x00000262                SPI2_DriverIRQHandler
                0x00000262                LVD_LVW_DriverIRQHandler
                0x00000262                PIT0_DriverIRQHandler
                0x00000262                DMA12_DriverIRQHandler
                0x00000262                DMA5_DriverIRQHandler
                0x00000262                DMA4_DriverIRQHandler
                0x00000262                USBDCD_DriverIRQHandler
                0x00000262                UART3_ERR_DriverIRQHandler
                0x00000262                DMA3_DriverIRQHandler
                0x00000262                DMA8_DriverIRQHandler
                0x00000262                DMA9_DriverIRQHandler
                0x00000262                UART0_ERR_DriverIRQHandler
                0x00000262                CMT_DriverIRQHandler
                0x00000262                Reserved71_DriverIRQHandler
                0x00000262                ADC1_DriverIRQHandler
                0x00000262                PORTA_DriverIRQHandler
                0x00000262                DMA14_DriverIRQHandler
                0x00000262                PIT3_DriverIRQHandler
                0x00000262                PIT1_DriverIRQHandler
                0x00000262                WDOG_EWM_DriverIRQHandler
                0x00000262                PDB0_DriverIRQHandler
                0x00000262                RTC_DriverIRQHandler
                0x00000262                I2S0_Rx_DriverIRQHandler
                0x00000262                Read_Collision_DriverIRQHandler
                0x00000262                SWI_DriverIRQHandler
                0x00000262                UART4_ERR_DriverIRQHandler
                0x00000262                PORTB_DriverIRQHandler
                0x00000262                UART0_LON_DriverIRQHandler
                0x00000262                DMA0_DriverIRQHandler
                0x00000262                DMA1_DriverIRQHandler
                0x00000262                I2C1_DriverIRQHandler
                0x00000262                ENET_Receive_DriverIRQHandler
                0x00000262                DMA13_DriverIRQHandler
                0x00000262                ENET_Error_DriverIRQHandler
                0x00000262                DMA15_DriverIRQHandler
                0x00000262                SPI0_DriverIRQHandler
                0x00000262                ADC0_DriverIRQHandler
                0x00000262                CMP0_DriverIRQHandler
                0x00000262                CAN0_DriverIRQHandler
                0x00000262                FTM3_DriverIRQHandler
                0x00000262                RNG_DriverIRQHandler
                0x00000262                UART1_ERR_DriverIRQHandler
                0x00000262                DMA2_DriverIRQHandler
                0x00000262                ENET_Transmit_DriverIRQHandler
                0x00000262                PORTD_DriverIRQHandler
                0x00000262                PORTE_DriverIRQHandler
                0x00000262                FTFE_DriverIRQHandler
                0x00000262                I2C0_DriverIRQHandler
                0x00000262                DMA7_DriverIRQHandler
                0x00000400                . = 0x400
 *fill*         0x00000264      0x19c ff
                0x00000400                PROVIDE (__FLASH_CONFIG_START__ = .)
 *(SORT_BY_ALIGNMENT(.FlashConfig))
 .FlashConfig   0x00000400       0x10 ./startup/startup_mk64f12.o
                0x00000400                Flash_Config
                0x00000410                PROVIDE (__FLASH_CONFIG_END__ = .)
                0x00000001                ASSERT (! ((__FLASH_CONFIG_START__ == __FLASH_CONFIG_END__)), Linker Flash Config Support Enabled, but no .FlashConfig section provided within application)
 *(SORT_BY_ALIGNMENT(.text*))
 .text.__assertion_failed
                0x00000410       0x18 ./utilities/fsl_assert.o
                0x00000410                __assertion_failed
 .text.DbgConsole_Init
                0x00000428       0x74 ./utilities/fsl_debug_console.o
                0x00000428                DbgConsole_Init
 .text.DbgConsole_Vprintf
                0x0000049c       0x3c ./utilities/fsl_debug_console.o
                0x0000049c                DbgConsole_Vprintf
 .text.DbgConsole_Putchar
                0x000004d8       0x30 ./utilities/fsl_debug_console.o
                0x000004d8                DbgConsole_Putchar
 .text.DbgConsole_PrintfFormattedData
                0x00000508      0x3e0 ./utilities/fsl_debug_console.o
 .text.UART_UserCallback
                0x000008e8       0x30 ./source/uart_hardware_flow_control.o
                0x000008e8                UART_UserCallback
 .text.main     0x00000918      0x13c ./source/uart_hardware_flow_control.o
                0x00000918                main
 .text.CLOCK_SetEr32kClock
                0x00000a54       0x30 ./drivers/fsl_clock.o
 .text.CLOCK_SetPllFllSelClock
                0x00000a84       0x38 ./drivers/fsl_clock.o
 .text.CLOCK_GetMcgExtClkFreq
                0x00000abc       0x7c ./drivers/fsl_clock.o
 .text.CLOCK_GetFllExtRefClkFreq
                0x00000b38       0xb0 ./drivers/fsl_clock.o
 .text.CLOCK_GetInternalRefClkSelectFreq
                0x00000be8       0x4c ./drivers/fsl_clock.o
 .text.CLOCK_GetFllRefClkFreq
                0x00000c34       0x34 ./drivers/fsl_clock.o
 .text.CLOCK_GetOscRangeFromFreq
                0x00000c68       0x3c ./drivers/fsl_clock.o
 .text.CLOCK_GetOsc0ErClkFreq
                0x00000ca4       0x44 ./drivers/fsl_clock.o
                0x00000ca4                CLOCK_GetOsc0ErClkFreq
 .text.CLOCK_GetEr32kClkFreq
                0x00000ce8       0x74 ./drivers/fsl_clock.o
                0x00000ce8                CLOCK_GetEr32kClkFreq
 .text.CLOCK_GetPllFllSelClkFreq
                0x00000d5c       0x54 ./drivers/fsl_clock.o
                0x00000d5c                CLOCK_GetPllFllSelClkFreq
 .text.CLOCK_GetCoreSysClkFreq
                0x00000db0       0x28 ./drivers/fsl_clock.o
                0x00000db0                CLOCK_GetCoreSysClkFreq
 .text.CLOCK_GetFreq
                0x00000dd8      0x140 ./drivers/fsl_clock.o
                0x00000dd8                CLOCK_GetFreq
 .text.CLOCK_SetSimConfig
                0x00000f18       0x34 ./drivers/fsl_clock.o
                0x00000f18                CLOCK_SetSimConfig
 .text.CLOCK_GetOutClkFreq
                0x00000f4c       0x64 ./drivers/fsl_clock.o
                0x00000f4c                CLOCK_GetOutClkFreq
 .text.CLOCK_GetFllFreq
                0x00000fb0       0x84 ./drivers/fsl_clock.o
                0x00000fb0                CLOCK_GetFllFreq
 .text.CLOCK_GetInternalRefClkFreq
                0x00001034       0x30 ./drivers/fsl_clock.o
                0x00001034                CLOCK_GetInternalRefClkFreq
 .text.CLOCK_GetPll0Freq
                0x00001064       0x78 ./drivers/fsl_clock.o
                0x00001064                CLOCK_GetPll0Freq
 .text.CLOCK_SetExternalRefClkConfig
                0x000010dc       0x6c ./drivers/fsl_clock.o
                0x000010dc                CLOCK_SetExternalRefClkConfig
 .text.CLOCK_SetInternalRefClkConfig
                0x00001148      0x104 ./drivers/fsl_clock.o
                0x00001148                CLOCK_SetInternalRefClkConfig
 .text.CLOCK_EnablePll0
                0x0000124c       0x88 ./drivers/fsl_clock.o
                0x0000124c                CLOCK_EnablePll0
 .text.CLOCK_InitOsc0
                0x000012d4       0x8c ./drivers/fsl_clock.o
                0x000012d4                CLOCK_InitOsc0
 .text.CLOCK_SetPbeMode
                0x00001360       0xa8 ./drivers/fsl_clock.o
                0x00001360                CLOCK_SetPbeMode
 .text.CLOCK_BootToPeeMode
                0x00001408       0x64 ./drivers/fsl_clock.o
                0x00001408                CLOCK_BootToPeeMode
 .text.__NVIC_EnableIRQ
                0x0000146c       0x3c ./drivers/fsl_uart.o
 .text.UART_GetInstance
                0x000014a8       0x54 ./drivers/fsl_uart.o
                0x000014a8                UART_GetInstance
 .text.UART_TransferGetRxRingBufferLength
                0x000014fc       0x50 ./drivers/fsl_uart.o
                0x000014fc                UART_TransferGetRxRingBufferLength
 .text.UART_TransferIsRxRingBufferFull
                0x0000154c       0x40 ./drivers/fsl_uart.o
 .text.UART_Init
                0x0000158c      0x2f4 ./drivers/fsl_uart.o
                0x0000158c                UART_Init
 .text.UART_GetDefaultConfig
                0x00001880       0x68 ./drivers/fsl_uart.o
                0x00001880                UART_GetDefaultConfig
 .text.UART_WriteNonBlocking
                0x000018e8       0x48 ./drivers/fsl_uart.o
 .text.UART_ReadBlocking
                0x00001930       0xfc ./drivers/fsl_uart.o
                0x00001930                UART_ReadBlocking
 .text.UART_ReadNonBlocking
                0x00001a2c       0x48 ./drivers/fsl_uart.o
 .text.UART_TransferCreateHandle
                0x00001a74       0x84 ./drivers/fsl_uart.o
                0x00001a74                UART_TransferCreateHandle
 .text.UART_TransferSendNonBlocking
                0x00001af8       0xb0 ./drivers/fsl_uart.o
                0x00001af8                UART_TransferSendNonBlocking
 .text.UART_TransferHandleIRQ
                0x00001ba8      0x5d4 ./drivers/fsl_uart.o
                0x00001ba8                UART_TransferHandleIRQ
 .text.UART0_DriverIRQHandler
                0x0000217c       0x28 ./drivers/fsl_uart.o
                0x0000217c                UART0_DriverIRQHandler
 .text.UART1_DriverIRQHandler
                0x000021a4       0x28 ./drivers/fsl_uart.o
                0x000021a4                UART1_DriverIRQHandler
 .text.UART2_DriverIRQHandler
                0x000021cc       0x28 ./drivers/fsl_uart.o
                0x000021cc                UART2_DriverIRQHandler
 .text.UART3_DriverIRQHandler
                0x000021f4       0x28 ./drivers/fsl_uart.o
                0x000021f4                UART3_DriverIRQHandler
 .text.UART4_DriverIRQHandler
                0x0000221c       0x28 ./drivers/fsl_uart.o
                0x0000221c                UART4_DriverIRQHandler
 .text.UART5_DriverIRQHandler
                0x00002244       0x28 ./drivers/fsl_uart.o
                0x00002244                UART5_DriverIRQHandler
 .text.SystemInit
                0x0000226c       0x3c ./device/system_MK64F12.o
                0x0000226c                SystemInit
 .text.HAL_UartInit
                0x000022a8      0x128 ./component/uart/fsl_adapter_uart.o
                0x000022a8                HAL_UartInit
 .text.HAL_UartReceiveBlocking
                0x000023d0       0x6c ./component/uart/fsl_adapter_uart.o
                0x000023d0                HAL_UartReceiveBlocking
 .text.HAL_UartSendBlocking
                0x0000243c       0x64 ./component/uart/fsl_adapter_uart.o
                0x0000243c                HAL_UartSendBlocking
 .text.CLOCK_SetSimSafeDivs
                0x000024a0       0x20 ./board/clock_config.o
 .text.CLOCK_SetXtal0Freq
                0x000024c0       0x20 ./board/clock_config.o
 .text.CLOCK_CONFIG_SetFllExtRefDiv
                0x000024e0       0x3c ./board/clock_config.o
 .text.BOARD_BootClockRUN
                0x0000251c       0x60 ./board/clock_config.o
                0x0000251c                BOARD_BootClockRUN
 .text.BOARD_InitPins
                0x0000257c       0x78 ./board/pin_mux.o
                0x0000257c                BOARD_InitPins
 .text._initio  0x000025f4       0x78 c:/nxp/mcuxpressoide_11.8.0_1165/ide/plugins/com.nxp.mcuxpresso.tools.win32_11.8.0.202306131047/tools/bin/../lib/gcc/arm-none-eabi/12.2.1/../../../../arm-none-eabi/lib/thumb/v7e-m+fp/hard\libcr_c.a(initio.o)
                0x000025f4                _initio
 .text._Cwritebuf
                0x0000266c       0x6c c:/nxp/mcuxpressoide_11.8.0_1165/ide/plugins/com.nxp.mcuxpresso.tools.win32_11.8.0.202306131047/tools/bin/../lib/gcc/arm-none-eabi/12.2.1/../../../../arm-none-eabi/lib/thumb/v7e-m+fp/hard\libcr_c.a(_writebuf.o)
                0x0000266c                _Cwritebuf
 .text.fflush   0x000026d8       0x3c c:/nxp/mcuxpressoide_11.8.0_1165/ide/plugins/com.nxp.mcuxpresso.tools.win32_11.8.0.202306131047/tools/bin/../lib/gcc/arm-none-eabi/12.2.1/../../../../arm-none-eabi/lib/thumb/v7e-m+fp/hard\libcr_c.a(fflush.o)
                0x000026d8                fflush
 .text.fseek    0x00002714       0xf8 c:/nxp/mcuxpressoide_11.8.0_1165/ide/plugins/com.nxp.mcuxpresso.tools.win32_11.8.0.202306131047/tools/bin/../lib/gcc/arm-none-eabi/12.2.1/../../../../arm-none-eabi/lib/thumb/v7e-m+fp/hard\libcr_c.a(fseek.o)
                0x00002714                fseek
 .text.ftell    0x0000280c       0x44 c:/nxp/mcuxpressoide_11.8.0_1165/ide/plugins/com.nxp.mcuxpresso.tools.win32_11.8.0.202306131047/tools/bin/../lib/gcc/arm-none-eabi/12.2.1/../../../../arm-none-eabi/lib/thumb/v7e-m+fp/hard\libcr_c.a(ftell.o)
                0x0000280c                ftell
 .text.DbgConsole_Printf
                0x00002850       0x2c ./utilities/fsl_debug_console.o
                0x00002850                DbgConsole_Printf
 .text.DbgConsole_PrintfPaddingCharacter
                0x0000287c       0x40 ./utilities/fsl_debug_console.o
 .text.DbgConsole_ConvertRadixNumToString
                0x000028bc       0xc2 ./utilities/fsl_debug_console.o
 .text.DMA0_IRQHandler
                0x0000297e        0x8 ./startup/startup_mk64f12.o
                0x0000297e                DMA0_IRQHandler
 .text.DMA1_IRQHandler
                0x00002986        0x8 ./startup/startup_mk64f12.o
                0x00002986                DMA1_IRQHandler
 .text.DMA2_IRQHandler
                0x0000298e        0x8 ./startup/startup_mk64f12.o
                0x0000298e                DMA2_IRQHandler
 .text.DMA3_IRQHandler
                0x00002996        0x8 ./startup/startup_mk64f12.o
                0x00002996                DMA3_IRQHandler
 .text.DMA4_IRQHandler
                0x0000299e        0x8 ./startup/startup_mk64f12.o
                0x0000299e                DMA4_IRQHandler
 .text.DMA5_IRQHandler
                0x000029a6        0x8 ./startup/startup_mk64f12.o
                0x000029a6                DMA5_IRQHandler
 .text.DMA6_IRQHandler
                0x000029ae        0x8 ./startup/startup_mk64f12.o
                0x000029ae                DMA6_IRQHandler
 .text.DMA7_IRQHandler
                0x000029b6        0x8 ./startup/startup_mk64f12.o
                0x000029b6                DMA7_IRQHandler
 .text.DMA8_IRQHandler
                0x000029be        0x8 ./startup/startup_mk64f12.o
                0x000029be                DMA8_IRQHandler
 .text.DMA9_IRQHandler
                0x000029c6        0x8 ./startup/startup_mk64f12.o
                0x000029c6                DMA9_IRQHandler
 .text.DMA10_IRQHandler
                0x000029ce        0x8 ./startup/startup_mk64f12.o
                0x000029ce                DMA10_IRQHandler
 .text.DMA11_IRQHandler
                0x000029d6        0x8 ./startup/startup_mk64f12.o
                0x000029d6                DMA11_IRQHandler
 .text.DMA12_IRQHandler
                0x000029de        0x8 ./startup/startup_mk64f12.o
                0x000029de                DMA12_IRQHandler
 .text.DMA13_IRQHandler
                0x000029e6        0x8 ./startup/startup_mk64f12.o
                0x000029e6                DMA13_IRQHandler
 .text.DMA14_IRQHandler
                0x000029ee        0x8 ./startup/startup_mk64f12.o
                0x000029ee                DMA14_IRQHandler
 .text.DMA15_IRQHandler
                0x000029f6        0x8 ./startup/startup_mk64f12.o
                0x000029f6                DMA15_IRQHandler
 .text.DMA_Error_IRQHandler
                0x000029fe        0x8 ./startup/startup_mk64f12.o
                0x000029fe                DMA_Error_IRQHandler
 .text.MCM_IRQHandler
                0x00002a06        0x8 ./startup/startup_mk64f12.o
                0x00002a06                MCM_IRQHandler
 .text.FTFE_IRQHandler
                0x00002a0e        0x8 ./startup/startup_mk64f12.o
                0x00002a0e                FTFE_IRQHandler
 .text.Read_Collision_IRQHandler
                0x00002a16        0x8 ./startup/startup_mk64f12.o
                0x00002a16                Read_Collision_IRQHandler
 .text.LVD_LVW_IRQHandler
                0x00002a1e        0x8 ./startup/startup_mk64f12.o
                0x00002a1e                LVD_LVW_IRQHandler
 .text.LLWU_IRQHandler
                0x00002a26        0x8 ./startup/startup_mk64f12.o
                0x00002a26                LLWU_IRQHandler
 .text.WDOG_EWM_IRQHandler
                0x00002a2e        0x8 ./startup/startup_mk64f12.o
                0x00002a2e                WDOG_EWM_IRQHandler
 .text.RNG_IRQHandler
                0x00002a36        0x8 ./startup/startup_mk64f12.o
                0x00002a36                RNG_IRQHandler
 .text.I2C0_IRQHandler
                0x00002a3e        0x8 ./startup/startup_mk64f12.o
                0x00002a3e                I2C0_IRQHandler
 .text.I2C1_IRQHandler
                0x00002a46        0x8 ./startup/startup_mk64f12.o
                0x00002a46                I2C1_IRQHandler
 .text.SPI0_IRQHandler
                0x00002a4e        0x8 ./startup/startup_mk64f12.o
                0x00002a4e                SPI0_IRQHandler
 .text.SPI1_IRQHandler
                0x00002a56        0x8 ./startup/startup_mk64f12.o
                0x00002a56                SPI1_IRQHandler
 .text.I2S0_Tx_IRQHandler
                0x00002a5e        0x8 ./startup/startup_mk64f12.o
                0x00002a5e                I2S0_Tx_IRQHandler
 .text.I2S0_Rx_IRQHandler
                0x00002a66        0x8 ./startup/startup_mk64f12.o
                0x00002a66                I2S0_Rx_IRQHandler
 .text.UART0_LON_IRQHandler
                0x00002a6e        0x8 ./startup/startup_mk64f12.o
                0x00002a6e                UART0_LON_IRQHandler
 .text.UART0_RX_TX_IRQHandler
                0x00002a76        0x8 ./startup/startup_mk64f12.o
                0x00002a76                UART0_RX_TX_IRQHandler
 .text.UART0_ERR_IRQHandler
                0x00002a7e        0x8 ./startup/startup_mk64f12.o
                0x00002a7e                UART0_ERR_IRQHandler
 .text.UART1_RX_TX_IRQHandler
                0x00002a86        0x8 ./startup/startup_mk64f12.o
                0x00002a86                UART1_RX_TX_IRQHandler
 .text.UART1_ERR_IRQHandler
                0x00002a8e        0x8 ./startup/startup_mk64f12.o
                0x00002a8e                UART1_ERR_IRQHandler
 .text.UART2_RX_TX_IRQHandler
                0x00002a96        0x8 ./startup/startup_mk64f12.o
                0x00002a96                UART2_RX_TX_IRQHandler
 .text.UART2_ERR_IRQHandler
                0x00002a9e        0x8 ./startup/startup_mk64f12.o
                0x00002a9e                UART2_ERR_IRQHandler
 .text.UART3_RX_TX_IRQHandler
                0x00002aa6        0x8 ./startup/startup_mk64f12.o
                0x00002aa6                UART3_RX_TX_IRQHandler
 .text.UART3_ERR_IRQHandler
                0x00002aae        0x8 ./startup/startup_mk64f12.o
                0x00002aae                UART3_ERR_IRQHandler
 .text.ADC0_IRQHandler
                0x00002ab6        0x8 ./startup/startup_mk64f12.o
                0x00002ab6                ADC0_IRQHandler
 .text.CMP0_IRQHandler
                0x00002abe        0x8 ./startup/startup_mk64f12.o
                0x00002abe                CMP0_IRQHandler
 .text.CMP1_IRQHandler
                0x00002ac6        0x8 ./startup/startup_mk64f12.o
                0x00002ac6                CMP1_IRQHandler
 .text.FTM0_IRQHandler
                0x00002ace        0x8 ./startup/startup_mk64f12.o
                0x00002ace                FTM0_IRQHandler
 .text.FTM1_IRQHandler
                0x00002ad6        0x8 ./startup/startup_mk64f12.o
                0x00002ad6                FTM1_IRQHandler
 .text.FTM2_IRQHandler
                0x00002ade        0x8 ./startup/startup_mk64f12.o
                0x00002ade                FTM2_IRQHandler
 .text.CMT_IRQHandler
                0x00002ae6        0x8 ./startup/startup_mk64f12.o
                0x00002ae6                CMT_IRQHandler
 .text.RTC_IRQHandler
                0x00002aee        0x8 ./startup/startup_mk64f12.o
                0x00002aee                RTC_IRQHandler
 .text.RTC_Seconds_IRQHandler
                0x00002af6        0x8 ./startup/startup_mk64f12.o
                0x00002af6                RTC_Seconds_IRQHandler
 .text.PIT0_IRQHandler
                0x00002afe        0x8 ./startup/startup_mk64f12.o
                0x00002afe                PIT0_IRQHandler
 .text.PIT1_IRQHandler
                0x00002b06        0x8 ./startup/startup_mk64f12.o
                0x00002b06                PIT1_IRQHandler
 .text.PIT2_IRQHandler
                0x00002b0e        0x8 ./startup/startup_mk64f12.o
                0x00002b0e                PIT2_IRQHandler
 .text.PIT3_IRQHandler
                0x00002b16        0x8 ./startup/startup_mk64f12.o
                0x00002b16                PIT3_IRQHandler
 .text.PDB0_IRQHandler
                0x00002b1e        0x8 ./startup/startup_mk64f12.o
                0x00002b1e                PDB0_IRQHandler
 .text.USB0_IRQHandler
                0x00002b26        0x8 ./startup/startup_mk64f12.o
                0x00002b26                USB0_IRQHandler
 .text.USBDCD_IRQHandler
                0x00002b2e        0x8 ./startup/startup_mk64f12.o
                0x00002b2e                USBDCD_IRQHandler
 .text.Reserved71_IRQHandler
                0x00002b36        0x8 ./startup/startup_mk64f12.o
                0x00002b36                Reserved71_IRQHandler
 .text.DAC0_IRQHandler
                0x00002b3e        0x8 ./startup/startup_mk64f12.o
                0x00002b3e                DAC0_IRQHandler
 .text.MCG_IRQHandler
                0x00002b46        0x8 ./startup/startup_mk64f12.o
                0x00002b46                MCG_IRQHandler
 .text.LPTMR0_IRQHandler
                0x00002b4e        0x8 ./startup/startup_mk64f12.o
                0x00002b4e                LPTMR0_IRQHandler
 .text.PORTA_IRQHandler
                0x00002b56        0x8 ./startup/startup_mk64f12.o
                0x00002b56                PORTA_IRQHandler
 .text.PORTB_IRQHandler
                0x00002b5e        0x8 ./startup/startup_mk64f12.o
                0x00002b5e                PORTB_IRQHandler
 .text.PORTC_IRQHandler
                0x00002b66        0x8 ./startup/startup_mk64f12.o
                0x00002b66                PORTC_IRQHandler
 .text.PORTD_IRQHandler
                0x00002b6e        0x8 ./startup/startup_mk64f12.o
                0x00002b6e                PORTD_IRQHandler
 .text.PORTE_IRQHandler
                0x00002b76        0x8 ./startup/startup_mk64f12.o
                0x00002b76                PORTE_IRQHandler
 .text.SWI_IRQHandler
                0x00002b7e        0x8 ./startup/startup_mk64f12.o
                0x00002b7e                SWI_IRQHandler
 .text.SPI2_IRQHandler
                0x00002b86        0x8 ./startup/startup_mk64f12.o
                0x00002b86                SPI2_IRQHandler
 .text.UART4_RX_TX_IRQHandler
                0x00002b8e        0x8 ./startup/startup_mk64f12.o
                0x00002b8e                UART4_RX_TX_IRQHandler
 .text.UART4_ERR_IRQHandler
                0x00002b96        0x8 ./startup/startup_mk64f12.o
                0x00002b96                UART4_ERR_IRQHandler
 .text.UART5_RX_TX_IRQHandler
                0x00002b9e        0x8 ./startup/startup_mk64f12.o
                0x00002b9e                UART5_RX_TX_IRQHandler
 .text.UART5_ERR_IRQHandler
                0x00002ba6        0x8 ./startup/startup_mk64f12.o
                0x00002ba6                UART5_ERR_IRQHandler
 .text.CMP2_IRQHandler
                0x00002bae        0x8 ./startup/startup_mk64f12.o
                0x00002bae                CMP2_IRQHandler
 .text.FTM3_IRQHandler
                0x00002bb6        0x8 ./startup/startup_mk64f12.o
                0x00002bb6                FTM3_IRQHandler
 .text.DAC1_IRQHandler
                0x00002bbe        0x8 ./startup/startup_mk64f12.o
                0x00002bbe                DAC1_IRQHandler
 .text.ADC1_IRQHandler
                0x00002bc6        0x8 ./startup/startup_mk64f12.o
                0x00002bc6                ADC1_IRQHandler
 .text.I2C2_IRQHandler
                0x00002bce        0x8 ./startup/startup_mk64f12.o
                0x00002bce                I2C2_IRQHandler
 .text.CAN0_ORed_Message_buffer_IRQHandler
                0x00002bd6        0x8 ./startup/startup_mk64f12.o
                0x00002bd6                CAN0_ORed_Message_buffer_IRQHandler
 .text.CAN0_Bus_Off_IRQHandler
                0x00002bde        0x8 ./startup/startup_mk64f12.o
                0x00002bde                CAN0_Bus_Off_IRQHandler
 .text.CAN0_Error_IRQHandler
                0x00002be6        0x8 ./startup/startup_mk64f12.o
                0x00002be6                CAN0_Error_IRQHandler
 .text.CAN0_Tx_Warning_IRQHandler
                0x00002bee        0x8 ./startup/startup_mk64f12.o
                0x00002bee                CAN0_Tx_Warning_IRQHandler
 .text.CAN0_Rx_Warning_IRQHandler
                0x00002bf6        0x8 ./startup/startup_mk64f12.o
                0x00002bf6                CAN0_Rx_Warning_IRQHandler
 .text.CAN0_Wake_Up_IRQHandler
                0x00002bfe        0x8 ./startup/startup_mk64f12.o
                0x00002bfe                CAN0_Wake_Up_IRQHandler
 .text.SDHC_IRQHandler
                0x00002c06        0x8 ./startup/startup_mk64f12.o
                0x00002c06                SDHC_IRQHandler
 .text.ENET_1588_Timer_IRQHandler
                0x00002c0e        0x8 ./startup/startup_mk64f12.o
                0x00002c0e                ENET_1588_Timer_IRQHandler
 .text.ENET_Transmit_IRQHandler
                0x00002c16        0x8 ./startup/startup_mk64f12.o
                0x00002c16                ENET_Transmit_IRQHandler
 .text.ENET_Receive_IRQHandler
                0x00002c1e        0x8 ./startup/startup_mk64f12.o
                0x00002c1e                ENET_Receive_IRQHandler
 .text.ENET_Error_IRQHandler
                0x00002c26        0x8 ./startup/startup_mk64f12.o
                0x00002c26                ENET_Error_IRQHandler
 .text.HardFault_Handler
                0x00002c2e       0x36 ./source/semihost_hardfault.o
                0x00002c2e                HardFault_Handler
 .text.OSC_SetExtRefClkConfig
                0x00002c64       0x34 ./drivers/fsl_clock.o
 .text.OSC_SetCapLoad
                0x00002c98       0x34 ./drivers/fsl_clock.o
 .text.CLOCK_GetPll0RefFreq
                0x00002ccc        0xe ./drivers/fsl_clock.o
 .text.CLOCK_GetFixedFreqClkFreq
                0x00002cda       0x34 ./drivers/fsl_clock.o
                0x00002cda                CLOCK_GetFixedFreqClkFreq
 .text.CLOCK_EnableClock
                0x00002d0e       0x34 ./drivers/fsl_uart.o
 .text.EnableIRQ
                0x00002d42       0x32 ./drivers/fsl_uart.o
 .text.DisableGlobalIRQ
                0x00002d74       0x22 ./drivers/fsl_uart.o
 .text.EnableGlobalIRQ
                0x00002d96       0x20 ./drivers/fsl_uart.o
 .text.UART_GetStatusFlags
                0x00002db6       0x48 ./drivers/fsl_uart.o
                0x00002db6                UART_GetStatusFlags
 .text.UART_ClearStatusFlags
                0x00002dfe       0x80 ./drivers/fsl_uart.o
                0x00002dfe                UART_ClearStatusFlags
 .text.UART_WriteBlocking
                0x00002e7e       0x50 ./drivers/fsl_uart.o
                0x00002e7e                UART_WriteBlocking
 .text.UART0_RX_TX_DriverIRQHandler
                0x00002ece       0x12 ./drivers/fsl_uart.o
                0x00002ece                UART0_RX_TX_DriverIRQHandler
 .text.UART1_RX_TX_DriverIRQHandler
                0x00002ee0       0x12 ./drivers/fsl_uart.o
                0x00002ee0                UART1_RX_TX_DriverIRQHandler
 .text.UART2_RX_TX_DriverIRQHandler
                0x00002ef2       0x12 ./drivers/fsl_uart.o
                0x00002ef2                UART2_RX_TX_DriverIRQHandler
 .text.UART3_RX_TX_DriverIRQHandler
                0x00002f04       0x12 ./drivers/fsl_uart.o
                0x00002f04                UART3_RX_TX_DriverIRQHandler
 .text.UART4_RX_TX_DriverIRQHandler
                0x00002f16       0x12 ./drivers/fsl_uart.o
                0x00002f16                UART4_RX_TX_DriverIRQHandler
 .text.UART5_RX_TX_DriverIRQHandler
                0x00002f28       0x12 ./drivers/fsl_uart.o
                0x00002f28                UART5_RX_TX_DriverIRQHandler
 .text.SystemInitHook
                0x00002f3a        0xe ./device/system_MK64F12.o
                0x00002f3a                SystemInitHook
 .text.HAL_UartGetStatus
                0x00002f48       0x22 ./component/uart/fsl_adapter_uart.o
 .text.BOARD_InitDebugConsole
                0x00002f6a       0x22 ./board/board.o
                0x00002f6a                BOARD_InitDebugConsole
 .text.BOARD_InitBootClocks
                0x00002f8c        0xc ./board/clock_config.o
                0x00002f8c                BOARD_InitBootClocks
 .text.CLOCK_EnableClock
                0x00002f98       0x34 ./board/pin_mux.o
 .text.PORT_SetPinMux
                0x00002fcc       0x3a ./board/pin_mux.o
 .text.BOARD_InitBootPins
                0x00003006        0xc ./board/pin_mux.o
                0x00003006                BOARD_InitBootPins
 .text.__main   0x00003012        0xe c:/nxp/mcuxpressoide_11.8.0_1165/ide/plugins/com.nxp.mcuxpresso.tools.win32_11.8.0.202306131047/tools/bin/../lib/gcc/arm-none-eabi/12.2.1/../../../../arm-none-eabi/lib/thumb/v7e-m+fp/hard\libcr_nohost_nf.a(_cr__main.o)
                0x00003012                __main
 .text.memcpy   0x00003020        0x4 c:/nxp/mcuxpressoide_11.8.0_1165/ide/plugins/com.nxp.mcuxpresso.tools.win32_11.8.0.202306131047/tools/bin/../lib/gcc/arm-none-eabi/12.2.1/../../../../arm-none-eabi/lib/thumb/v7e-m+fp/hard\libcr_c.a(memcpy.o)
                0x00003020                memcpy
 .text.memset   0x00003024        0x4 c:/nxp/mcuxpressoide_11.8.0_1165/ide/plugins/com.nxp.mcuxpresso.tools.win32_11.8.0.202306131047/tools/bin/../lib/gcc/arm-none-eabi/12.2.1/../../../../arm-none-eabi/lib/thumb/v7e-m+fp/hard\libcr_c.a(memset.o)
                0x00003024                memset
 .text.free     0x00003028       0x30 c:/nxp/mcuxpressoide_11.8.0_1165/ide/plugins/com.nxp.mcuxpresso.tools.win32_11.8.0.202306131047/tools/bin/../lib/gcc/arm-none-eabi/12.2.1/../../../../arm-none-eabi/lib/thumb/v7e-m+fp/hard\libcr_c.a(alloc.o)
                0x00003028                free
 .text.setvbuf  0x00003058       0x3e c:/nxp/mcuxpressoide_11.8.0_1165/ide/plugins/com.nxp.mcuxpresso.tools.win32_11.8.0.202306131047/tools/bin/../lib/gcc/arm-none-eabi/12.2.1/../../../../arm-none-eabi/lib/thumb/v7e-m+fp/hard\libcr_c.a(setvbuf.o)
                0x00003058                setvbuf
 .text.strlen   0x00003096       0x4e c:/nxp/mcuxpressoide_11.8.0_1165/ide/plugins/com.nxp.mcuxpresso.tools.win32_11.8.0.202306131047/tools/bin/../lib/gcc/arm-none-eabi/12.2.1/../../../../arm-none-eabi/lib/thumb/v7e-m+fp/hard\libcr_c.a(strlen.o)
                0x00003096                strlen
 .text._deferredlazyseek
                0x000030e4       0x40 c:/nxp/mcuxpressoide_11.8.0_1165/ide/plugins/com.nxp.mcuxpresso.tools.win32_11.8.0.202306131047/tools/bin/../lib/gcc/arm-none-eabi/12.2.1/../../../../arm-none-eabi/lib/thumb/v7e-m+fp/hard\libcr_c.a(_deferredlazyseek.o)
                0x000030e4                _deferredlazyseek
 .text._fdopen  0x00003124       0x68 c:/nxp/mcuxpressoide_11.8.0_1165/ide/plugins/com.nxp.mcuxpresso.tools.win32_11.8.0.202306131047/tools/bin/../lib/gcc/arm-none-eabi/12.2.1/../../../../arm-none-eabi/lib/thumb/v7e-m+fp/hard\libcr_c.a(_fdopen.o)
                0x00003124                _fdopen
 .text._fflush  0x0000318c       0x52 c:/nxp/mcuxpressoide_11.8.0_1165/ide/plugins/com.nxp.mcuxpresso.tools.win32_11.8.0.202306131047/tools/bin/../lib/gcc/arm-none-eabi/12.2.1/../../../../arm-none-eabi/lib/thumb/v7e-m+fp/hard\libcr_c.a(_fflush.o)
                0x0000318c                _fflush
 .text.fclose   0x000031de       0x58 c:/nxp/mcuxpressoide_11.8.0_1165/ide/plugins/com.nxp.mcuxpresso.tools.win32_11.8.0.202306131047/tools/bin/../lib/gcc/arm-none-eabi/12.2.1/../../../../arm-none-eabi/lib/thumb/v7e-m+fp/hard\libcr_c.a(fclose.o)
                0x000031de                fclose
 .text.remove   0x00003236       0x14 c:/nxp/mcuxpressoide_11.8.0_1165/ide/plugins/com.nxp.mcuxpresso.tools.win32_11.8.0.202306131047/tools/bin/../lib/gcc/arm-none-eabi/12.2.1/../../../../arm-none-eabi/lib/thumb/v7e-m+fp/hard\libcr_c.a(remove.o)
                0x00003236                remove
 .text._do_fflush
                0x0000324a       0x40 c:/nxp/mcuxpressoide_11.8.0_1165/ide/plugins/com.nxp.mcuxpresso.tools.win32_11.8.0.202306131047/tools/bin/../lib/gcc/arm-none-eabi/12.2.1/../../../../arm-none-eabi/lib/thumb/v7e-m+fp/hard\libcr_c.a(_do_fflush.o)
                0x0000324a                _do_fflush
 .text.__aeabi_memcpy
                0x0000328a       0x34 c:/nxp/mcuxpressoide_11.8.0_1165/ide/plugins/com.nxp.mcuxpresso.tools.win32_11.8.0.202306131047/tools/bin/../lib/gcc/arm-none-eabi/12.2.1/thumb/v7e-m+fp/hard\libcr_eabihelpers.a(memcpy.o)
                0x0000328a                __aeabi_memcpy
                0x00003294                __aeabi_memcpy8
                0x00003294                __aeabi_memcpy4
 .text.__aeabi_memset_lowlevel
                0x000032be       0x32 c:/nxp/mcuxpressoide_11.8.0_1165/ide/plugins/com.nxp.mcuxpresso.tools.win32_11.8.0.202306131047/tools/bin/../lib/gcc/arm-none-eabi/12.2.1/thumb/v7e-m+fp/hard\libcr_eabihelpers.a(memcpy.o)
                0x000032be                __aeabi_lowlevel_memset
 .text.__sys_close
                0x000032f0        0x6 c:/nxp/mcuxpressoide_11.8.0_1165/ide/plugins/com.nxp.mcuxpresso.tools.win32_11.8.0.202306131047/tools/bin/../lib/gcc/arm-none-eabi/12.2.1/../../../../arm-none-eabi/lib/thumb/v7e-m+fp/hard\libcr_nohost_nf.a(__sys_close.o)
                0x000032f0                __sys_close
 .text.__sys_flen
                0x000032f6        0x6 c:/nxp/mcuxpressoide_11.8.0_1165/ide/plugins/com.nxp.mcuxpresso.tools.win32_11.8.0.202306131047/tools/bin/../lib/gcc/arm-none-eabi/12.2.1/../../../../arm-none-eabi/lib/thumb/v7e-m+fp/hard\libcr_nohost_nf.a(__sys_flen.o)
                0x000032f6                __sys_flen
 .text.__sys_istty
                0x000032fc        0x6 c:/nxp/mcuxpressoide_11.8.0_1165/ide/plugins/com.nxp.mcuxpresso.tools.win32_11.8.0.202306131047/tools/bin/../lib/gcc/arm-none-eabi/12.2.1/../../../../arm-none-eabi/lib/thumb/v7e-m+fp/hard\libcr_nohost_nf.a(__sys_istty.o)
                0x000032fc                __sys_istty
 .text.__sys_remove
                0x00003302        0x6 c:/nxp/mcuxpressoide_11.8.0_1165/ide/plugins/com.nxp.mcuxpresso.tools.win32_11.8.0.202306131047/tools/bin/../lib/gcc/arm-none-eabi/12.2.1/../../../../arm-none-eabi/lib/thumb/v7e-m+fp/hard\libcr_nohost_nf.a(__sys_remove.o)
                0x00003302                __sys_remove
 .text.__sys_seek
                0x00003308        0x6 c:/nxp/mcuxpressoide_11.8.0_1165/ide/plugins/com.nxp.mcuxpresso.tools.win32_11.8.0.202306131047/tools/bin/../lib/gcc/arm-none-eabi/12.2.1/../../../../arm-none-eabi/lib/thumb/v7e-m+fp/hard\libcr_nohost_nf.a(__sys_seek.o)
                0x00003308                __sys_seek
 .text.__sys_tmpnam
                0x0000330e        0x6 c:/nxp/mcuxpressoide_11.8.0_1165/ide/plugins/com.nxp.mcuxpresso.tools.win32_11.8.0.202306131047/tools/bin/../lib/gcc/arm-none-eabi/12.2.1/../../../../arm-none-eabi/lib/thumb/v7e-m+fp/hard\libcr_nohost_nf.a(__sys_tmpnam.o)
                0x0000330e                __sys_tmpnam
 .text.__sys_write
                0x00003314        0x4 c:/nxp/mcuxpressoide_11.8.0_1165/ide/plugins/com.nxp.mcuxpresso.tools.win32_11.8.0.202306131047/tools/bin/../lib/gcc/arm-none-eabi/12.2.1/../../../../arm-none-eabi/lib/thumb/v7e-m+fp/hard\libcr_nohost_nf.a(__sys_write.o)
                0x00003314                __sys_write
 *(SORT_BY_ALIGNMENT(.rodata) SORT_BY_ALIGNMENT(.rodata.*) SORT_BY_ALIGNMENT(.constdata) SORT_BY_ALIGNMENT(.constdata.*))
 .rodata.__assertion_failed.str1.4
                0x00003318       0x14 ./utilities/fsl_assert.o
 .rodata.main.str1.4
                0x0000332c      0x174 ./source/uart_hardware_flow_control.o
 .rodata.CLOCK_GetMcgExtClkFreq.str1.4
                0x000034a0       0x49 ./drivers/fsl_clock.o
 *fill*         0x000034e9        0x3 ff
 .rodata.CLOCK_GetOsc0ErClkFreq.str1.4
                0x000034ec       0x1e ./drivers/fsl_clock.o
 *fill*         0x0000350a        0x2 ff
 .rodata.CLOCK_GetEr32kClkFreq.str1.4
                0x0000350c       0x1f ./drivers/fsl_clock.o
 *fill*         0x0000352b        0x1 ff
 .rodata.CLOCK_GetPll0Freq.str1.4
                0x0000352c       0x1d ./drivers/fsl_clock.o
 *fill*         0x00003549        0x3 ff
 .rodata.CLOCK_EnablePll0.str1.4
                0x0000354c       0x1a ./drivers/fsl_clock.o
 *fill*         0x00003566        0x2 ff
 .rodata.CLOCK_SetPbeMode.str1.4
                0x00003568       0x1a ./drivers/fsl_clock.o
 *fill*         0x00003582        0x2 ff
 .rodata.CLOCK_BootToPeeMode.str1.4
                0x00003584       0x1a ./drivers/fsl_clock.o
 *fill*         0x0000359e        0x2 ff
 .rodata.fllFactorTable.1
                0x000035a0       0x10 ./drivers/fsl_clock.o
 .rodata.s_uartBases
                0x000035b0       0x18 ./drivers/fsl_uart.o
 .rodata.s_uartIRQ
                0x000035c8        0x6 ./drivers/fsl_uart.o
                0x000035c8                s_uartIRQ
 *fill*         0x000035ce        0x2 ff
 .rodata.s_uartClock
                0x000035d0       0x18 ./drivers/fsl_uart.o
 .rodata.UART_GetInstance.str1.4
                0x000035e8       0x2b ./drivers/fsl_uart.o
 *fill*         0x00003613        0x1 ff
 .rodata.UART_TransferGetRxRingBufferLength.str1.4
                0x00003614       0x20 ./drivers/fsl_uart.o
 .rodata.UART_TransferIsRxRingBufferFull.str1.4
                0x00003634       0x20 ./drivers/fsl_uart.o
 .rodata.UART_Init.str1.4
                0x00003654       0xfb ./drivers/fsl_uart.o
 *fill*         0x0000374f        0x1 ff
 .rodata.UART_GetDefaultConfig.str1.4
                0x00003750       0x20 ./drivers/fsl_uart.o
 .rodata.UART_WriteNonBlocking.str1.4
                0x00003770       0x1e ./drivers/fsl_uart.o
 *fill*         0x0000378e        0x2 ff
 .rodata.UART_ReadBlocking.str1.4
                0x00003790       0x1e ./drivers/fsl_uart.o
 *fill*         0x000037ae        0x2 ff
 .rodata.UART_ReadNonBlocking.str1.4
                0x000037b0       0x1e ./drivers/fsl_uart.o
 *fill*         0x000037ce        0x2 ff
 .rodata.UART_TransferCreateHandle.str1.4
                0x000037d0       0x20 ./drivers/fsl_uart.o
 .rodata.UART_TransferSendNonBlocking.str1.4
                0x000037f0       0x93 ./drivers/fsl_uart.o
 *fill*         0x00003883        0x1 ff
 .rodata.UART_TransferHandleIRQ.str1.4
                0x00003884       0x24 ./drivers/fsl_uart.o
 .rodata.s_UartAdapterBase
                0x000038a8       0x18 ./component/uart/fsl_adapter_uart.o
 .rodata.HAL_UartInit.str1.4
                0x000038c0       0xdd ./component/uart/fsl_adapter_uart.o
 *fill*         0x0000399d        0x3 ff
 .rodata.HAL_UartReceiveBlocking.str1.4
                0x000039a0       0x60 ./component/uart/fsl_adapter_uart.o
 .rodata.HAL_UartSendBlocking.str1.4
                0x00003a00       0x60 ./component/uart/fsl_adapter_uart.o
 .rodata.mcgConfig_BOARD_BootClockRUN
                0x00003a60        0xb ./board/clock_config.o
                0x00003a60                mcgConfig_BOARD_BootClockRUN
 *fill*         0x00003a6b        0x1 ff
 .rodata.simConfig_BOARD_BootClockRUN
                0x00003a6c        0x8 ./board/clock_config.o
                0x00003a6c                simConfig_BOARD_BootClockRUN
 .rodata.oscConfig_BOARD_BootClockRUN
                0x00003a74        0x8 ./board/clock_config.o
                0x00003a74                oscConfig_BOARD_BootClockRUN
 .rodata.__num_Ciob_streams
                0x00003a7c        0x4 c:/nxp/mcuxpressoide_11.8.0_1165/ide/plugins/com.nxp.mcuxpresso.tools.win32_11.8.0.202306131047/tools/bin/../lib/gcc/arm-none-eabi/12.2.1/../../../../arm-none-eabi/lib/thumb/v7e-m+fp/hard\libcr_nohost_nf.a(__ciob.o)
                0x00003a7c                __num_Ciob_streams
 .rodata._initio.str1.1
                0x00003a80        0x4 c:/nxp/mcuxpressoide_11.8.0_1165/ide/plugins/com.nxp.mcuxpresso.tools.win32_11.8.0.202306131047/tools/bin/../lib/gcc/arm-none-eabi/12.2.1/../../../../arm-none-eabi/lib/thumb/v7e-m+fp/hard\libcr_c.a(initio.o)
                0x00003a88                . = ALIGN (0x8)
 *fill*         0x00003a84        0x4 ff

.glue_7         0x00003a88        0x0
 .glue_7        0x00003a88        0x0 linker stubs

.glue_7t        0x00003a88        0x0
 .glue_7t       0x00003a88        0x0 linker stubs

.vfp11_veneer   0x00003a88        0x0
 .vfp11_veneer  0x00003a88        0x0 linker stubs

.v4_bx          0x00003a88        0x0
 .v4_bx         0x00003a88        0x0 linker stubs

.iplt           0x00003a88        0x0
 .iplt          0x00003a88        0x0 ./utilities/fsl_assert.o

.rel.dyn        0x00003a88        0x0
 .rel.iplt      0x00003a88        0x0 ./utilities/fsl_assert.o

.ARM.extab
 *(SORT_BY_ALIGNMENT(.ARM.extab*) SORT_BY_ALIGNMENT(.gnu.linkonce.armextab.*))

.ARM.exidx      0x00003a88        0x0
                0x00003a88                __exidx_start = .
 *(SORT_BY_ALIGNMENT(.ARM.exidx*) SORT_BY_ALIGNMENT(.gnu.linkonce.armexidx.*))
                0x00003a88                __exidx_end = .
                0x00003a88                _etext = .

.m_usb_data
 *(SORT_BY_ALIGNMENT(m_usb_bdt))

.data_RAM2      0x1fff0000        0x0 load address 0x00003a88
 FILL mask 0xff
                [!provide]                PROVIDE (__start_data_RAM2 = .)
                [!provide]                PROVIDE (__start_data_SRAM_LOWER = .)
 *(SORT_BY_ALIGNMENT(.ramfunc.$RAM2))
 *(SORT_BY_ALIGNMENT(.ramfunc.$SRAM_LOWER))
 *(SORT_BY_ALIGNMENT(.data.$RAM2))
 *(SORT_BY_ALIGNMENT(.data.$SRAM_LOWER))
 *(SORT_BY_ALIGNMENT(.data.$RAM2.*))
 *(SORT_BY_ALIGNMENT(.data.$SRAM_LOWER.*))
                0x1fff0000                . = ALIGN (0x8)
                [!provide]                PROVIDE (__end_data_RAM2 = .)
                [!provide]                PROVIDE (__end_data_SRAM_LOWER = .)

.data_RAM3      0x14000000        0x0 load address 0x00003a88
 FILL mask 0xff
                [!provide]                PROVIDE (__start_data_RAM3 = .)
                [!provide]                PROVIDE (__start_data_FLEX_RAM = .)
 *(SORT_BY_ALIGNMENT(.ramfunc.$RAM3))
 *(SORT_BY_ALIGNMENT(.ramfunc.$FLEX_RAM))
 *(SORT_BY_ALIGNMENT(.data.$RAM3))
 *(SORT_BY_ALIGNMENT(.data.$FLEX_RAM))
 *(SORT_BY_ALIGNMENT(.data.$RAM3.*))
 *(SORT_BY_ALIGNMENT(.data.$FLEX_RAM.*))
                0x14000000                . = ALIGN (0x8)
                [!provide]                PROVIDE (__end_data_RAM3 = .)
                [!provide]                PROVIDE (__end_data_FLEX_RAM = .)

.uninit_RESERVED
                0x20000000        0x0
                0x20000000                _start_uninit_RESERVED = .
 *(SORT_BY_ALIGNMENT(.bss.$RESERVED*))
                0x20000000                . = ALIGN (0x8)
                0x20000000                _end_uninit_RESERVED = .

.data           0x20000000       0x10 load address 0x00003a88
 FILL mask 0xff
                0x20000000                _data = .
                [!provide]                PROVIDE (__start_data_RAM = .)
                [!provide]                PROVIDE (__start_data_SRAM_UPPER = .)
 *(SORT_BY_ALIGNMENT(vtable))
 *(SORT_BY_ALIGNMENT(.ramfunc*))
 *(SORT_BY_ALIGNMENT(CodeQuickAccess))
 *(SORT_BY_ALIGNMENT(DataQuickAccess))
 *(SORT_BY_ALIGNMENT(RamFunction))
 *(SORT_BY_ALIGNMENT(.data*))
 .data.s_slowIrcFreq
                0x20000000        0x4 ./drivers/fsl_clock.o
 .data.s_fastIrcFreq
                0x20000004        0x4 ./drivers/fsl_clock.o
 .data.SystemCoreClock
                0x20000008        0x4 ./device/system_MK64F12.o
                0x20000008                SystemCoreClock
                0x20000010                . = ALIGN (0x8)
 *fill*         0x2000000c        0x4 ff
                0x20000010                _edata = .
                [!provide]                PROVIDE (__end_data_RAM = .)
                [!provide]                PROVIDE (__end_data_SRAM_UPPER = .)

.igot.plt       0x20000010        0x0 load address 0x00003a98
 .igot.plt      0x20000010        0x0 ./utilities/fsl_assert.o

.bss_RAM2       0x1fff0000        0x0
                [!provide]                PROVIDE (__start_bss_RAM2 = .)
                [!provide]                PROVIDE (__start_bss_SRAM_LOWER = .)
 *(SORT_BY_ALIGNMENT(.bss.$RAM2))
 *(SORT_BY_ALIGNMENT(.bss.$SRAM_LOWER))
 *(SORT_BY_ALIGNMENT(.bss.$RAM2.*))
 *(SORT_BY_ALIGNMENT(.bss.$SRAM_LOWER.*))
                0x1fff0000                . = ALIGN ((. != 0x0)?0x8:0x1)
                [!provide]                PROVIDE (__end_bss_RAM2 = .)
                [!provide]                PROVIDE (__end_bss_SRAM_LOWER = .)

.bss_RAM3       0x14000000        0x0
                [!provide]                PROVIDE (__start_bss_RAM3 = .)
                [!provide]                PROVIDE (__start_bss_FLEX_RAM = .)
 *(SORT_BY_ALIGNMENT(.bss.$RAM3))
 *(SORT_BY_ALIGNMENT(.bss.$FLEX_RAM))
 *(SORT_BY_ALIGNMENT(.bss.$RAM3.*))
 *(SORT_BY_ALIGNMENT(.bss.$FLEX_RAM.*))
                0x14000000                . = ALIGN ((. != 0x0)?0x8:0x1)
                [!provide]                PROVIDE (__end_bss_RAM3 = .)
                [!provide]                PROVIDE (__end_bss_FLEX_RAM = .)

.bss            0x20000010      0x130
                0x20000010                _bss = .
                [!provide]                PROVIDE (__start_bss_RAM = .)
                [!provide]                PROVIDE (__start_bss_SRAM_UPPER = .)
 *(SORT_BY_ALIGNMENT(.bss*))
 .bss.s_debugConsole
                0x20000010       0x14 ./utilities/fsl_debug_console.o
 .bss.transferRxData
                0x20000024        0x4 ./source/uart_hardware_flow_control.o
                0x20000024                transferRxData
 .bss.transferTxData
                0x20000028        0x4 ./source/uart_hardware_flow_control.o
                0x20000028                transferTxData
 .bss.g_uartHandle
                0x2000002c       0x30 ./source/uart_hardware_flow_control.o
                0x2000002c                g_uartHandle
 .bss.g_xtal0Freq
                0x2000005c        0x4 ./drivers/fsl_clock.o
                0x2000005c                g_xtal0Freq
 .bss.g_xtal32Freq
                0x20000060        0x4 ./drivers/fsl_clock.o
                0x20000060                g_xtal32Freq
 .bss.s_uartHandle
                0x20000064       0x18 ./drivers/fsl_uart.o
                0x20000064                s_uartHandle
 .bss.s_uartIsr
                0x2000007c        0x4 ./drivers/fsl_uart.o
                0x2000007c                s_uartIsr
 .bss.errno     0x20000080        0x4 c:/nxp/mcuxpressoide_11.8.0_1165/ide/plugins/com.nxp.mcuxpresso.tools.win32_11.8.0.202306131047/tools/bin/../lib/gcc/arm-none-eabi/12.2.1/../../../../arm-none-eabi/lib/thumb/v7e-m+fp/hard\libcr_c.a(errno.o)
                0x20000080                errno
 .bss.__Ciob    0x20000084       0xb4 c:/nxp/mcuxpressoide_11.8.0_1165/ide/plugins/com.nxp.mcuxpresso.tools.win32_11.8.0.202306131047/tools/bin/../lib/gcc/arm-none-eabi/12.2.1/../../../../arm-none-eabi/lib/thumb/v7e-m+fp/hard\libcr_nohost_nf.a(__ciob.o)
                0x20000084                __Ciob
 .bss.isTransferCompleted
                0x20000138        0x1 ./source/uart_hardware_flow_control.o
                0x20000138                isTransferCompleted
 .bss.g_uart_master
                0x20000139        0x1 ./source/uart_hardware_flow_control.o
                0x20000139                g_uart_master
 .bss.g_uart_slave
                0x2000013a        0x1 ./source/uart_hardware_flow_control.o
                0x2000013a                g_uart_slave
 *(SORT_BY_ALIGNMENT(COMMON))
                0x20000140                . = ALIGN (0x8)
 *fill*         0x2000013b        0x5 
                0x20000140                _ebss = .
                [!provide]                PROVIDE (__end_bss_RAM = .)
                [!provide]                PROVIDE (__end_bss_SRAM_UPPER = .)
                [!provide]                PROVIDE (end = .)

.noinit_RAM2    0x1fff0000        0x0
                [!provide]                PROVIDE (__start_noinit_RAM2 = .)
                [!provide]                PROVIDE (__start_noinit_SRAM_LOWER = .)
 *(SORT_BY_ALIGNMENT(.noinit.$RAM2))
 *(SORT_BY_ALIGNMENT(.noinit.$SRAM_LOWER))
 *(SORT_BY_ALIGNMENT(.noinit.$RAM2.*))
 *(SORT_BY_ALIGNMENT(.noinit.$SRAM_LOWER.*))
                0x1fff0000                . = ALIGN (0x8)
                [!provide]                PROVIDE (__end_noinit_RAM2 = .)
                [!provide]                PROVIDE (__end_noinit_SRAM_LOWER = .)

.noinit_RAM3    0x14000000        0x0
                [!provide]                PROVIDE (__start_noinit_RAM3 = .)
                [!provide]                PROVIDE (__start_noinit_FLEX_RAM = .)
 *(SORT_BY_ALIGNMENT(.noinit.$RAM3))
 *(SORT_BY_ALIGNMENT(.noinit.$FLEX_RAM))
 *(SORT_BY_ALIGNMENT(.noinit.$RAM3.*))
 *(SORT_BY_ALIGNMENT(.noinit.$FLEX_RAM.*))
                0x14000000                . = ALIGN (0x8)
                [!provide]                PROVIDE (__end_noinit_RAM3 = .)
                [!provide]                PROVIDE (__end_noinit_FLEX_RAM = .)

.noinit         0x20000140        0x0
                0x20000140                _noinit = .
                [!provide]                PROVIDE (__start_noinit_RAM = .)
                [!provide]                PROVIDE (__start_noinit_SRAM_UPPER = .)
 *(SORT_BY_ALIGNMENT(.noinit*))
                0x20000140                . = ALIGN (0x8)
                0x20000140                _end_noinit = .
                [!provide]                PROVIDE (__end_noinit_RAM = .)
                [!provide]                PROVIDE (__end_noinit_SRAM_UPPER = .)
                0x00001000                _HeapSize = 0x1000

.heap           0x20000140     0x1000
                0x20000140                _pvHeapStart = .
                0x20001140                . = (. + _HeapSize)
 *fill*         0x20000140     0x1000 
                0x20001140                . = ALIGN (0x8)
                0x20001140                _pvHeapLimit = .
                0x00001000                _StackSize = 0x1000

.heap2stackfill
                0x20001140     0x1000
                0x20002140                . = (. + _StackSize)
 *fill*         0x20001140     0x1000 

.stack          0x2002f000        0x0
                0x2002f000                _vStackBase = .
                0x2002f000                . = ALIGN (0x8)
                0x20030000                _vStackTop = (. + _StackSize)
                0x00000000                _image_start = LOADADDR (.text)
                0x00003a98                _image_end = (LOADADDR (.data) + SIZEOF (.data))
                0x00003a98                _image_size = (_image_end - _image_start)
OUTPUT(frdmk64f_uart_hardware_flow_control.axf elf32-littlearm)
LOAD linker stubs

.debug_info     0x00000000     0x8cb3
 .debug_info    0x00000000       0xc4 ./utilities/fsl_assert.o
 .debug_info    0x000000c4      0xcf1 ./utilities/fsl_debug_console.o
 .debug_info    0x00000db5      0xc6f ./startup/startup_mk64f12.o
 .debug_info    0x00001a24       0x3d ./source/semihost_hardfault.o
 .debug_info    0x00001a61      0xe22 ./source/uart_hardware_flow_control.o
 .debug_info    0x00002883     0x20ee ./drivers/fsl_clock.o
 .debug_info    0x00004971     0x1ef7 ./drivers/fsl_uart.o
 .debug_info    0x00006868      0x626 ./device/system_MK64F12.o
 .debug_info    0x00006e8e      0xabc ./component/uart/fsl_adapter_uart.o
 .debug_info    0x0000794a      0x120 ./board/board.o
 .debug_info    0x00007a6a      0xc51 ./board/clock_config.o
 .debug_info    0x000086bb      0x5f8 ./board/pin_mux.o

.debug_abbrev   0x00000000     0x17ee
 .debug_abbrev  0x00000000       0x8f ./utilities/fsl_assert.o
 .debug_abbrev  0x0000008f      0x290 ./utilities/fsl_debug_console.o
 .debug_abbrev  0x0000031f      0x17e ./startup/startup_mk64f12.o
 .debug_abbrev  0x0000049d       0x2f ./source/semihost_hardfault.o
 .debug_abbrev  0x000004cc      0x323 ./source/uart_hardware_flow_control.o
 .debug_abbrev  0x000007ef      0x38e ./drivers/fsl_clock.o
 .debug_abbrev  0x00000b7d      0x46e ./drivers/fsl_uart.o
 .debug_abbrev  0x00000feb      0x149 ./device/system_MK64F12.o
 .debug_abbrev  0x00001134      0x223 ./component/uart/fsl_adapter_uart.o
 .debug_abbrev  0x00001357       0xb6 ./board/board.o
 .debug_abbrev  0x0000140d      0x254 ./board/clock_config.o
 .debug_abbrev  0x00001661      0x18d ./board/pin_mux.o

.debug_aranges  0x00000000      0x908
 .debug_aranges
                0x00000000       0x20 ./utilities/fsl_assert.o
 .debug_aranges
                0x00000020       0x78 ./utilities/fsl_debug_console.o
 .debug_aranges
                0x00000098      0x330 ./startup/startup_mk64f12.o
 .debug_aranges
                0x000003c8       0x20 ./source/semihost_hardfault.o
 .debug_aranges
                0x000003e8       0x40 ./source/uart_hardware_flow_control.o
 .debug_aranges
                0x00000428      0x1f8 ./drivers/fsl_clock.o
 .debug_aranges
                0x00000620      0x1b8 ./drivers/fsl_uart.o
 .debug_aranges
                0x000007d8       0x30 ./device/system_MK64F12.o
 .debug_aranges
                0x00000808       0x50 ./component/uart/fsl_adapter_uart.o
 .debug_aranges
                0x00000858       0x20 ./board/board.o
 .debug_aranges
                0x00000878       0x58 ./board/clock_config.o
 .debug_aranges
                0x000008d0       0x38 ./board/pin_mux.o

.debug_rnglists
                0x00000000      0x6b4
 .debug_rnglists
                0x00000000       0x13 ./utilities/fsl_assert.o
 .debug_rnglists
                0x00000013       0x59 ./utilities/fsl_debug_console.o
 .debug_rnglists
                0x0000006c      0x25f ./startup/startup_mk64f12.o
 .debug_rnglists
                0x000002cb       0x13 ./source/semihost_hardfault.o
 .debug_rnglists
                0x000002de       0x2f ./source/uart_hardware_flow_control.o
 .debug_rnglists
                0x0000030d      0x187 ./drivers/fsl_clock.o
 .debug_rnglists
                0x00000494      0x153 ./drivers/fsl_uart.o
 .debug_rnglists
                0x000005e7       0x20 ./device/system_MK64F12.o
 .debug_rnglists
                0x00000607       0x38 ./component/uart/fsl_adapter_uart.o
 .debug_rnglists
                0x0000063f       0x13 ./board/board.o
 .debug_rnglists
                0x00000652       0x3d ./board/clock_config.o
 .debug_rnglists
                0x0000068f       0x25 ./board/pin_mux.o

.debug_macro    0x00000000    0x135b9
 .debug_macro   0x00000000      0x123 ./utilities/fsl_assert.o
 .debug_macro   0x00000123      0xaf0 ./utilities/fsl_assert.o
 .debug_macro   0x00000c13       0x10 ./utilities/fsl_assert.o
 .debug_macro   0x00000c23       0x1c ./utilities/fsl_assert.o
 .debug_macro   0x00000c3f       0x22 ./utilities/fsl_assert.o
 .debug_macro   0x00000c61      0x12e ./utilities/fsl_assert.o
 .debug_macro   0x00000d8f      0x5b3 ./utilities/fsl_assert.o
 .debug_macro   0x00001342       0x22 ./utilities/fsl_assert.o
 .debug_macro   0x00001364       0x10 ./utilities/fsl_assert.o
 .debug_macro   0x00001374       0x58 ./utilities/fsl_assert.o
 .debug_macro   0x000013cc       0x1c ./utilities/fsl_assert.o
 .debug_macro   0x000013e8       0x22 ./utilities/fsl_assert.o
 .debug_macro   0x0000140a       0xfb ./utilities/fsl_assert.o
 .debug_macro   0x00001505      0xeeb ./utilities/fsl_assert.o
 .debug_macro   0x000023f0       0x40 ./utilities/fsl_assert.o
 .debug_macro   0x00002430     0xec5f ./utilities/fsl_assert.o
 .debug_macro   0x0001108f     0x12e8 ./utilities/fsl_assert.o
 .debug_macro   0x00012377       0x7a ./utilities/fsl_assert.o
 .debug_macro   0x000123f1       0xa8 ./utilities/fsl_assert.o
 .debug_macro   0x00012499      0x174 ./utilities/fsl_assert.o
 .debug_macro   0x0001260d       0x1c ./utilities/fsl_assert.o
 .debug_macro   0x00012629       0x1c ./utilities/fsl_assert.o
 .debug_macro   0x00012645       0x2e ./utilities/fsl_assert.o
 .debug_macro   0x00012673      0x149 ./utilities/fsl_debug_console.o
 .debug_macro   0x000127bc       0x16 ./utilities/fsl_debug_console.o
 .debug_macro   0x000127d2       0x10 ./utilities/fsl_debug_console.o
 .debug_macro   0x000127e2       0x28 ./utilities/fsl_debug_console.o
 .debug_macro   0x0001280a       0xc4 ./utilities/fsl_debug_console.o
 .debug_macro   0x000128ce       0x16 ./utilities/fsl_debug_console.o
 .debug_macro   0x000128e4       0x16 ./utilities/fsl_debug_console.o
 .debug_macro   0x000128fa       0x46 ./utilities/fsl_debug_console.o
 .debug_macro   0x00012940       0x29 ./startup/startup_mk64f12.o
 .debug_macro   0x00012969       0x11 ./source/semihost_hardfault.o
 .debug_macro   0x0001297a      0x19d ./source/uart_hardware_flow_control.o
 .debug_macro   0x00012b17       0x16 ./source/uart_hardware_flow_control.o
 .debug_macro   0x00012b2d       0x16 ./source/uart_hardware_flow_control.o
 .debug_macro   0x00012b43       0x16 ./source/uart_hardware_flow_control.o
 .debug_macro   0x00012b59       0x16 ./source/uart_hardware_flow_control.o
 .debug_macro   0x00012b6f      0x1ab ./source/uart_hardware_flow_control.o
 .debug_macro   0x00012d1a       0x16 ./source/uart_hardware_flow_control.o
 .debug_macro   0x00012d30      0x1d8 ./drivers/fsl_clock.o
 .debug_macro   0x00012f08      0x127 ./drivers/fsl_uart.o
 .debug_macro   0x0001302f       0x10 ./drivers/fsl_uart.o
 .debug_macro   0x0001303f       0x98 ./device/system_MK64F12.o
 .debug_macro   0x000130d7      0x11e ./component/uart/fsl_adapter_uart.o
 .debug_macro   0x000131f5      0x153 ./board/board.o
 .debug_macro   0x00013348      0x153 ./board/clock_config.o
 .debug_macro   0x0001349b      0x11e ./board/pin_mux.o

.debug_line     0x00000000     0x64e5
 .debug_line    0x00000000      0x3eb ./utilities/fsl_assert.o
 .debug_line    0x000003eb      0xcad ./utilities/fsl_debug_console.o
 .debug_line    0x00001098      0xa99 ./startup/startup_mk64f12.o
 .debug_line    0x00001b31       0x59 ./source/semihost_hardfault.o
 .debug_line    0x00001b8a      0x70e ./source/uart_hardware_flow_control.o
 .debug_line    0x00002298     0x154c ./drivers/fsl_clock.o
 .debug_line    0x000037e4     0x15a2 ./drivers/fsl_uart.o
 .debug_line    0x00004d86      0x40a ./device/system_MK64F12.o
 .debug_line    0x00005190      0x593 ./component/uart/fsl_adapter_uart.o
 .debug_line    0x00005723      0x487 ./board/board.o
 .debug_line    0x00005baa      0x4e2 ./board/clock_config.o
 .debug_line    0x0000608c      0x459 ./board/pin_mux.o

.debug_str      0x00000000    0x8068b
 .debug_str     0x00000000    0x79f4e ./utilities/fsl_assert.o
                              0x79feb (size before relaxing)
 .debug_str     0x00079f4e     0x1694 ./utilities/fsl_debug_console.o
                              0x7b6cb (size before relaxing)
 .debug_str     0x0007b5e2      0x7fd ./startup/startup_mk64f12.o
                               0x3778 (size before relaxing)
 .debug_str     0x0007bddf       0x1f ./source/semihost_hardfault.o
                               0x2f00 (size before relaxing)
 .debug_str     0x0007bdfe     0x1646 ./source/uart_hardware_flow_control.o
                              0x7c0ca (size before relaxing)
 .debug_str     0x0007d444     0x1ca2 ./drivers/fsl_clock.o
                              0x7c66f (size before relaxing)
 .debug_str     0x0007f0e6      0xeae ./drivers/fsl_uart.o
                              0x7bfb0 (size before relaxing)
 .debug_str     0x0007ff94      0x11c ./device/system_MK64F12.o
                              0x78540 (size before relaxing)
 .debug_str     0x000800b0       0xa0 ./component/uart/fsl_adapter_uart.o
                              0x7af7b (size before relaxing)
 .debug_str     0x00080150       0x20 ./board/board.o
                              0x7ad23 (size before relaxing)
 .debug_str     0x00080170      0x3b7 ./board/clock_config.o
                              0x7b053 (size before relaxing)
 .debug_str     0x00080527      0x164 ./board/pin_mux.o
                              0x7a3b3 (size before relaxing)

.comment        0x00000000       0x45
 .comment       0x00000000       0x45 ./utilities/fsl_assert.o
                                 0x46 (size before relaxing)
 .comment       0x00000045       0x46 ./utilities/fsl_debug_console.o
 .comment       0x00000045       0x46 ./startup/startup_mk64f12.o
 .comment       0x00000045       0x46 ./source/semihost_hardfault.o
 .comment       0x00000045       0x46 ./source/uart_hardware_flow_control.o
 .comment       0x00000045       0x46 ./drivers/fsl_clock.o
 .comment       0x00000045       0x46 ./drivers/fsl_uart.o
 .comment       0x00000045       0x46 ./device/system_MK64F12.o
 .comment       0x00000045       0x46 ./component/uart/fsl_adapter_uart.o
 .comment       0x00000045       0x46 ./board/board.o
 .comment       0x00000045       0x46 ./board/clock_config.o
 .comment       0x00000045       0x46 ./board/pin_mux.o
 .comment       0x00000045       0x46 c:/nxp/mcuxpressoide_11.8.0_1165/ide/plugins/com.nxp.mcuxpresso.tools.win32_11.8.0.202306131047/tools/bin/../lib/gcc/arm-none-eabi/12.2.1/../../../../arm-none-eabi/lib/thumb/v7e-m+fp/hard\libcr_nohost_nf.a(_cr__main.o)
 .comment       0x00000045       0x46 c:/nxp/mcuxpressoide_11.8.0_1165/ide/plugins/com.nxp.mcuxpresso.tools.win32_11.8.0.202306131047/tools/bin/../lib/gcc/arm-none-eabi/12.2.1/../../../../arm-none-eabi/lib/thumb/v7e-m+fp/hard\libcr_c.a(memcpy.o)
 .comment       0x00000045       0x46 c:/nxp/mcuxpressoide_11.8.0_1165/ide/plugins/com.nxp.mcuxpresso.tools.win32_11.8.0.202306131047/tools/bin/../lib/gcc/arm-none-eabi/12.2.1/../../../../arm-none-eabi/lib/thumb/v7e-m+fp/hard\libcr_c.a(memset.o)
 .comment       0x00000045       0x46 c:/nxp/mcuxpressoide_11.8.0_1165/ide/plugins/com.nxp.mcuxpresso.tools.win32_11.8.0.202306131047/tools/bin/../lib/gcc/arm-none-eabi/12.2.1/../../../../arm-none-eabi/lib/thumb/v7e-m+fp/hard\libcr_c.a(alloc.o)
 .comment       0x00000045       0x46 c:/nxp/mcuxpressoide_11.8.0_1165/ide/plugins/com.nxp.mcuxpresso.tools.win32_11.8.0.202306131047/tools/bin/../lib/gcc/arm-none-eabi/12.2.1/../../../../arm-none-eabi/lib/thumb/v7e-m+fp/hard\libcr_c.a(initio.o)
 .comment       0x00000045       0x46 c:/nxp/mcuxpressoide_11.8.0_1165/ide/plugins/com.nxp.mcuxpresso.tools.win32_11.8.0.202306131047/tools/bin/../lib/gcc/arm-none-eabi/12.2.1/../../../../arm-none-eabi/lib/thumb/v7e-m+fp/hard\libcr_c.a(setvbuf.o)
 .comment       0x00000045       0x46 c:/nxp/mcuxpressoide_11.8.0_1165/ide/plugins/com.nxp.mcuxpresso.tools.win32_11.8.0.202306131047/tools/bin/../lib/gcc/arm-none-eabi/12.2.1/../../../../arm-none-eabi/lib/thumb/v7e-m+fp/hard\libcr_c.a(strlen.o)
 .comment       0x00000045       0x46 c:/nxp/mcuxpressoide_11.8.0_1165/ide/plugins/com.nxp.mcuxpresso.tools.win32_11.8.0.202306131047/tools/bin/../lib/gcc/arm-none-eabi/12.2.1/../../../../arm-none-eabi/lib/thumb/v7e-m+fp/hard\libcr_c.a(_deferredlazyseek.o)
 .comment       0x00000045       0x46 c:/nxp/mcuxpressoide_11.8.0_1165/ide/plugins/com.nxp.mcuxpresso.tools.win32_11.8.0.202306131047/tools/bin/../lib/gcc/arm-none-eabi/12.2.1/../../../../arm-none-eabi/lib/thumb/v7e-m+fp/hard\libcr_c.a(_fdopen.o)
 .comment       0x00000045       0x46 c:/nxp/mcuxpressoide_11.8.0_1165/ide/plugins/com.nxp.mcuxpresso.tools.win32_11.8.0.202306131047/tools/bin/../lib/gcc/arm-none-eabi/12.2.1/../../../../arm-none-eabi/lib/thumb/v7e-m+fp/hard\libcr_c.a(_fflush.o)
 .comment       0x00000045       0x46 c:/nxp/mcuxpressoide_11.8.0_1165/ide/plugins/com.nxp.mcuxpresso.tools.win32_11.8.0.202306131047/tools/bin/../lib/gcc/arm-none-eabi/12.2.1/../../../../arm-none-eabi/lib/thumb/v7e-m+fp/hard\libcr_c.a(_writebuf.o)
 .comment       0x00000045       0x46 c:/nxp/mcuxpressoide_11.8.0_1165/ide/plugins/com.nxp.mcuxpresso.tools.win32_11.8.0.202306131047/tools/bin/../lib/gcc/arm-none-eabi/12.2.1/../../../../arm-none-eabi/lib/thumb/v7e-m+fp/hard\libcr_c.a(errno.o)
 .comment       0x00000045       0x46 c:/nxp/mcuxpressoide_11.8.0_1165/ide/plugins/com.nxp.mcuxpresso.tools.win32_11.8.0.202306131047/tools/bin/../lib/gcc/arm-none-eabi/12.2.1/../../../../arm-none-eabi/lib/thumb/v7e-m+fp/hard\libcr_c.a(fclose.o)
 .comment       0x00000045       0x46 c:/nxp/mcuxpressoide_11.8.0_1165/ide/plugins/com.nxp.mcuxpresso.tools.win32_11.8.0.202306131047/tools/bin/../lib/gcc/arm-none-eabi/12.2.1/../../../../arm-none-eabi/lib/thumb/v7e-m+fp/hard\libcr_c.a(fflush.o)
 .comment       0x00000045       0x46 c:/nxp/mcuxpressoide_11.8.0_1165/ide/plugins/com.nxp.mcuxpresso.tools.win32_11.8.0.202306131047/tools/bin/../lib/gcc/arm-none-eabi/12.2.1/../../../../arm-none-eabi/lib/thumb/v7e-m+fp/hard\libcr_c.a(fseek.o)
 .comment       0x00000045       0x46 c:/nxp/mcuxpressoide_11.8.0_1165/ide/plugins/com.nxp.mcuxpresso.tools.win32_11.8.0.202306131047/tools/bin/../lib/gcc/arm-none-eabi/12.2.1/../../../../arm-none-eabi/lib/thumb/v7e-m+fp/hard\libcr_c.a(ftell.o)
 .comment       0x00000045       0x46 c:/nxp/mcuxpressoide_11.8.0_1165/ide/plugins/com.nxp.mcuxpresso.tools.win32_11.8.0.202306131047/tools/bin/../lib/gcc/arm-none-eabi/12.2.1/../../../../arm-none-eabi/lib/thumb/v7e-m+fp/hard\libcr_c.a(remove.o)
 .comment       0x00000045       0x46 c:/nxp/mcuxpressoide_11.8.0_1165/ide/plugins/com.nxp.mcuxpresso.tools.win32_11.8.0.202306131047/tools/bin/../lib/gcc/arm-none-eabi/12.2.1/../../../../arm-none-eabi/lib/thumb/v7e-m+fp/hard\libcr_c.a(_do_fflush.o)
 .comment       0x00000045       0x46 c:/nxp/mcuxpressoide_11.8.0_1165/ide/plugins/com.nxp.mcuxpresso.tools.win32_11.8.0.202306131047/tools/bin/../lib/gcc/arm-none-eabi/12.2.1/../../../../arm-none-eabi/lib/thumb/v7e-m+fp/hard\libcr_nohost_nf.a(__ciob.o)
 .comment       0x00000045       0x46 c:/nxp/mcuxpressoide_11.8.0_1165/ide/plugins/com.nxp.mcuxpresso.tools.win32_11.8.0.202306131047/tools/bin/../lib/gcc/arm-none-eabi/12.2.1/../../../../arm-none-eabi/lib/thumb/v7e-m+fp/hard\libcr_nohost_nf.a(__sys_close.o)
 .comment       0x00000045       0x46 c:/nxp/mcuxpressoide_11.8.0_1165/ide/plugins/com.nxp.mcuxpresso.tools.win32_11.8.0.202306131047/tools/bin/../lib/gcc/arm-none-eabi/12.2.1/../../../../arm-none-eabi/lib/thumb/v7e-m+fp/hard\libcr_nohost_nf.a(__sys_flen.o)
 .comment       0x00000045       0x46 c:/nxp/mcuxpressoide_11.8.0_1165/ide/plugins/com.nxp.mcuxpresso.tools.win32_11.8.0.202306131047/tools/bin/../lib/gcc/arm-none-eabi/12.2.1/../../../../arm-none-eabi/lib/thumb/v7e-m+fp/hard\libcr_nohost_nf.a(__sys_istty.o)
 .comment       0x00000045       0x46 c:/nxp/mcuxpressoide_11.8.0_1165/ide/plugins/com.nxp.mcuxpresso.tools.win32_11.8.0.202306131047/tools/bin/../lib/gcc/arm-none-eabi/12.2.1/../../../../arm-none-eabi/lib/thumb/v7e-m+fp/hard\libcr_nohost_nf.a(__sys_remove.o)
 .comment       0x00000045       0x46 c:/nxp/mcuxpressoide_11.8.0_1165/ide/plugins/com.nxp.mcuxpresso.tools.win32_11.8.0.202306131047/tools/bin/../lib/gcc/arm-none-eabi/12.2.1/../../../../arm-none-eabi/lib/thumb/v7e-m+fp/hard\libcr_nohost_nf.a(__sys_seek.o)
 .comment       0x00000045       0x46 c:/nxp/mcuxpressoide_11.8.0_1165/ide/plugins/com.nxp.mcuxpresso.tools.win32_11.8.0.202306131047/tools/bin/../lib/gcc/arm-none-eabi/12.2.1/../../../../arm-none-eabi/lib/thumb/v7e-m+fp/hard\libcr_nohost_nf.a(__sys_tmpnam.o)
 .comment       0x00000045       0x46 c:/nxp/mcuxpressoide_11.8.0_1165/ide/plugins/com.nxp.mcuxpresso.tools.win32_11.8.0.202306131047/tools/bin/../lib/gcc/arm-none-eabi/12.2.1/../../../../arm-none-eabi/lib/thumb/v7e-m+fp/hard\libcr_nohost_nf.a(__sys_write.o)

.ARM.attributes
                0x00000000       0x32
 .ARM.attributes
                0x00000000       0x34 ./utilities/fsl_assert.o
 .ARM.attributes
                0x00000034       0x34 ./utilities/fsl_debug_console.o
 .ARM.attributes
                0x00000068       0x34 ./startup/startup_mk64f12.o
 .ARM.attributes
                0x0000009c       0x34 ./source/semihost_hardfault.o
 .ARM.attributes
                0x000000d0       0x34 ./source/uart_hardware_flow_control.o
 .ARM.attributes
                0x00000104       0x34 ./drivers/fsl_clock.o
 .ARM.attributes
                0x00000138       0x34 ./drivers/fsl_uart.o
 .ARM.attributes
                0x0000016c       0x34 ./device/system_MK64F12.o
 .ARM.attributes
                0x000001a0       0x34 ./component/uart/fsl_adapter_uart.o
 .ARM.attributes
                0x000001d4       0x34 ./board/board.o
 .ARM.attributes
                0x00000208       0x34 ./board/clock_config.o
 .ARM.attributes
                0x0000023c       0x34 ./board/pin_mux.o
 .ARM.attributes
                0x00000270       0x34 c:/nxp/mcuxpressoide_11.8.0_1165/ide/plugins/com.nxp.mcuxpresso.tools.win32_11.8.0.202306131047/tools/bin/../lib/gcc/arm-none-eabi/12.2.1/../../../../arm-none-eabi/lib/thumb/v7e-m+fp/hard\libcr_nohost_nf.a(_cr__main.o)
 .ARM.attributes
                0x000002a4       0x34 c:/nxp/mcuxpressoide_11.8.0_1165/ide/plugins/com.nxp.mcuxpresso.tools.win32_11.8.0.202306131047/tools/bin/../lib/gcc/arm-none-eabi/12.2.1/../../../../arm-none-eabi/lib/thumb/v7e-m+fp/hard\libcr_c.a(memcpy.o)
 .ARM.attributes
                0x000002d8       0x34 c:/nxp/mcuxpressoide_11.8.0_1165/ide/plugins/com.nxp.mcuxpresso.tools.win32_11.8.0.202306131047/tools/bin/../lib/gcc/arm-none-eabi/12.2.1/../../../../arm-none-eabi/lib/thumb/v7e-m+fp/hard\libcr_c.a(memset.o)
 .ARM.attributes
                0x0000030c       0x34 c:/nxp/mcuxpressoide_11.8.0_1165/ide/plugins/com.nxp.mcuxpresso.tools.win32_11.8.0.202306131047/tools/bin/../lib/gcc/arm-none-eabi/12.2.1/../../../../arm-none-eabi/lib/thumb/v7e-m+fp/hard\libcr_c.a(alloc.o)
 .ARM.attributes
                0x00000340       0x34 c:/nxp/mcuxpressoide_11.8.0_1165/ide/plugins/com.nxp.mcuxpresso.tools.win32_11.8.0.202306131047/tools/bin/../lib/gcc/arm-none-eabi/12.2.1/../../../../arm-none-eabi/lib/thumb/v7e-m+fp/hard\libcr_c.a(initio.o)
 .ARM.attributes
                0x00000374       0x34 c:/nxp/mcuxpressoide_11.8.0_1165/ide/plugins/com.nxp.mcuxpresso.tools.win32_11.8.0.202306131047/tools/bin/../lib/gcc/arm-none-eabi/12.2.1/../../../../arm-none-eabi/lib/thumb/v7e-m+fp/hard\libcr_c.a(setvbuf.o)
 .ARM.attributes
                0x000003a8       0x34 c:/nxp/mcuxpressoide_11.8.0_1165/ide/plugins/com.nxp.mcuxpresso.tools.win32_11.8.0.202306131047/tools/bin/../lib/gcc/arm-none-eabi/12.2.1/../../../../arm-none-eabi/lib/thumb/v7e-m+fp/hard\libcr_c.a(strlen.o)
 .ARM.attributes
                0x000003dc       0x34 c:/nxp/mcuxpressoide_11.8.0_1165/ide/plugins/com.nxp.mcuxpresso.tools.win32_11.8.0.202306131047/tools/bin/../lib/gcc/arm-none-eabi/12.2.1/../../../../arm-none-eabi/lib/thumb/v7e-m+fp/hard\libcr_c.a(_deferredlazyseek.o)
 .ARM.attributes
                0x00000410       0x34 c:/nxp/mcuxpressoide_11.8.0_1165/ide/plugins/com.nxp.mcuxpresso.tools.win32_11.8.0.202306131047/tools/bin/../lib/gcc/arm-none-eabi/12.2.1/../../../../arm-none-eabi/lib/thumb/v7e-m+fp/hard\libcr_c.a(_fdopen.o)
 .ARM.attributes
                0x00000444       0x34 c:/nxp/mcuxpressoide_11.8.0_1165/ide/plugins/com.nxp.mcuxpresso.tools.win32_11.8.0.202306131047/tools/bin/../lib/gcc/arm-none-eabi/12.2.1/../../../../arm-none-eabi/lib/thumb/v7e-m+fp/hard\libcr_c.a(_fflush.o)
 .ARM.attributes
                0x00000478       0x34 c:/nxp/mcuxpressoide_11.8.0_1165/ide/plugins/com.nxp.mcuxpresso.tools.win32_11.8.0.202306131047/tools/bin/../lib/gcc/arm-none-eabi/12.2.1/../../../../arm-none-eabi/lib/thumb/v7e-m+fp/hard\libcr_c.a(_writebuf.o)
 .ARM.attributes
                0x000004ac       0x34 c:/nxp/mcuxpressoide_11.8.0_1165/ide/plugins/com.nxp.mcuxpresso.tools.win32_11.8.0.202306131047/tools/bin/../lib/gcc/arm-none-eabi/12.2.1/../../../../arm-none-eabi/lib/thumb/v7e-m+fp/hard\libcr_c.a(errno.o)
 .ARM.attributes
                0x000004e0       0x34 c:/nxp/mcuxpressoide_11.8.0_1165/ide/plugins/com.nxp.mcuxpresso.tools.win32_11.8.0.202306131047/tools/bin/../lib/gcc/arm-none-eabi/12.2.1/../../../../arm-none-eabi/lib/thumb/v7e-m+fp/hard\libcr_c.a(fclose.o)
 .ARM.attributes
                0x00000514       0x34 c:/nxp/mcuxpressoide_11.8.0_1165/ide/plugins/com.nxp.mcuxpresso.tools.win32_11.8.0.202306131047/tools/bin/../lib/gcc/arm-none-eabi/12.2.1/../../../../arm-none-eabi/lib/thumb/v7e-m+fp/hard\libcr_c.a(fflush.o)
 .ARM.attributes
                0x00000548       0x34 c:/nxp/mcuxpressoide_11.8.0_1165/ide/plugins/com.nxp.mcuxpresso.tools.win32_11.8.0.202306131047/tools/bin/../lib/gcc/arm-none-eabi/12.2.1/../../../../arm-none-eabi/lib/thumb/v7e-m+fp/hard\libcr_c.a(fseek.o)
 .ARM.attributes
                0x0000057c       0x34 c:/nxp/mcuxpressoide_11.8.0_1165/ide/plugins/com.nxp.mcuxpresso.tools.win32_11.8.0.202306131047/tools/bin/../lib/gcc/arm-none-eabi/12.2.1/../../../../arm-none-eabi/lib/thumb/v7e-m+fp/hard\libcr_c.a(ftell.o)
 .ARM.attributes
                0x000005b0       0x34 c:/nxp/mcuxpressoide_11.8.0_1165/ide/plugins/com.nxp.mcuxpresso.tools.win32_11.8.0.202306131047/tools/bin/../lib/gcc/arm-none-eabi/12.2.1/../../../../arm-none-eabi/lib/thumb/v7e-m+fp/hard\libcr_c.a(remove.o)
 .ARM.attributes
                0x000005e4       0x34 c:/nxp/mcuxpressoide_11.8.0_1165/ide/plugins/com.nxp.mcuxpresso.tools.win32_11.8.0.202306131047/tools/bin/../lib/gcc/arm-none-eabi/12.2.1/../../../../arm-none-eabi/lib/thumb/v7e-m+fp/hard\libcr_c.a(_do_fflush.o)
 .ARM.attributes
                0x00000618       0x20 c:/nxp/mcuxpressoide_11.8.0_1165/ide/plugins/com.nxp.mcuxpresso.tools.win32_11.8.0.202306131047/tools/bin/../lib/gcc/arm-none-eabi/12.2.1/thumb/v7e-m+fp/hard\libcr_eabihelpers.a(memcpy.o)
 .ARM.attributes
                0x00000638       0x34 c:/nxp/mcuxpressoide_11.8.0_1165/ide/plugins/com.nxp.mcuxpresso.tools.win32_11.8.0.202306131047/tools/bin/../lib/gcc/arm-none-eabi/12.2.1/../../../../arm-none-eabi/lib/thumb/v7e-m+fp/hard\libcr_nohost_nf.a(__ciob.o)
 .ARM.attributes
                0x0000066c       0x34 c:/nxp/mcuxpressoide_11.8.0_1165/ide/plugins/com.nxp.mcuxpresso.tools.win32_11.8.0.202306131047/tools/bin/../lib/gcc/arm-none-eabi/12.2.1/../../../../arm-none-eabi/lib/thumb/v7e-m+fp/hard\libcr_nohost_nf.a(__sys_close.o)
 .ARM.attributes
                0x000006a0       0x34 c:/nxp/mcuxpressoide_11.8.0_1165/ide/plugins/com.nxp.mcuxpresso.tools.win32_11.8.0.202306131047/tools/bin/../lib/gcc/arm-none-eabi/12.2.1/../../../../arm-none-eabi/lib/thumb/v7e-m+fp/hard\libcr_nohost_nf.a(__sys_flen.o)
 .ARM.attributes
                0x000006d4       0x34 c:/nxp/mcuxpressoide_11.8.0_1165/ide/plugins/com.nxp.mcuxpresso.tools.win32_11.8.0.202306131047/tools/bin/../lib/gcc/arm-none-eabi/12.2.1/../../../../arm-none-eabi/lib/thumb/v7e-m+fp/hard\libcr_nohost_nf.a(__sys_istty.o)
 .ARM.attributes
                0x00000708       0x34 c:/nxp/mcuxpressoide_11.8.0_1165/ide/plugins/com.nxp.mcuxpresso.tools.win32_11.8.0.202306131047/tools/bin/../lib/gcc/arm-none-eabi/12.2.1/../../../../arm-none-eabi/lib/thumb/v7e-m+fp/hard\libcr_nohost_nf.a(__sys_remove.o)
 .ARM.attributes
                0x0000073c       0x34 c:/nxp/mcuxpressoide_11.8.0_1165/ide/plugins/com.nxp.mcuxpresso.tools.win32_11.8.0.202306131047/tools/bin/../lib/gcc/arm-none-eabi/12.2.1/../../../../arm-none-eabi/lib/thumb/v7e-m+fp/hard\libcr_nohost_nf.a(__sys_seek.o)
 .ARM.attributes
                0x00000770       0x34 c:/nxp/mcuxpressoide_11.8.0_1165/ide/plugins/com.nxp.mcuxpresso.tools.win32_11.8.0.202306131047/tools/bin/../lib/gcc/arm-none-eabi/12.2.1/../../../../arm-none-eabi/lib/thumb/v7e-m+fp/hard\libcr_nohost_nf.a(__sys_tmpnam.o)
 .ARM.attributes
                0x000007a4       0x34 c:/nxp/mcuxpressoide_11.8.0_1165/ide/plugins/com.nxp.mcuxpresso.tools.win32_11.8.0.202306131047/tools/bin/../lib/gcc/arm-none-eabi/12.2.1/../../../../arm-none-eabi/lib/thumb/v7e-m+fp/hard\libcr_nohost_nf.a(__sys_write.o)

.debug_frame    0x00000000     0x1f60
 .debug_frame   0x00000000       0x30 ./utilities/fsl_assert.o
 .debug_frame   0x00000030      0x1f8 ./utilities/fsl_debug_console.o
 .debug_frame   0x00000228      0x8fc ./startup/startup_mk64f12.o
 .debug_frame   0x00000b24       0x20 ./source/semihost_hardfault.o
 .debug_frame   0x00000b44       0xcc ./source/uart_hardware_flow_control.o
 .debug_frame   0x00000c10      0x890 ./drivers/fsl_clock.o
 .debug_frame   0x000014a0      0x74c ./drivers/fsl_uart.o
 .debug_frame   0x00001bec       0x74 ./device/system_MK64F12.o
 .debug_frame   0x00001c60      0x110 ./component/uart/fsl_adapter_uart.o
 .debug_frame   0x00001d70       0x34 ./board/board.o
 .debug_frame   0x00001da4      0x124 ./board/clock_config.o
 .debug_frame   0x00001ec8       0x98 ./board/pin_mux.o

.debug_loclists
                0x00000000      0x113
 .debug_loclists
                0x00000000      0x113 ./startup/startup_mk64f12.o

Cross Reference Table

Symbol                                            File
ADC0_DriverIRQHandler                             ./startup/startup_mk64f12.o
ADC0_IRQHandler                                   ./startup/startup_mk64f12.o
ADC1_DriverIRQHandler                             ./startup/startup_mk64f12.o
ADC1_IRQHandler                                   ./startup/startup_mk64f12.o
BOARD_BootClockRUN                                ./board/clock_config.o
BOARD_BootClockVLPR                               ./board/clock_config.o
BOARD_InitBootClocks                              ./board/clock_config.o
                                                  ./source/uart_hardware_flow_control.o
BOARD_InitBootPins                                ./board/pin_mux.o
                                                  ./source/uart_hardware_flow_control.o
BOARD_InitDebugConsole                            ./board/board.o
                                                  ./source/uart_hardware_flow_control.o
BOARD_InitPins                                    ./board/pin_mux.o
BusFault_Handler                                  ./startup/startup_mk64f12.o
CAN0_Bus_Off_IRQHandler                           ./startup/startup_mk64f12.o
CAN0_DriverIRQHandler                             ./startup/startup_mk64f12.o
CAN0_Error_IRQHandler                             ./startup/startup_mk64f12.o
CAN0_ORed_Message_buffer_IRQHandler               ./startup/startup_mk64f12.o
CAN0_Rx_Warning_IRQHandler                        ./startup/startup_mk64f12.o
CAN0_Tx_Warning_IRQHandler                        ./startup/startup_mk64f12.o
CAN0_Wake_Up_IRQHandler                           ./startup/startup_mk64f12.o
CLOCK_BootToBlpeMode                              ./drivers/fsl_clock.o
CLOCK_BootToBlpiMode                              ./drivers/fsl_clock.o
                                                  ./board/clock_config.o
CLOCK_BootToFeeMode                               ./drivers/fsl_clock.o
CLOCK_BootToFeiMode                               ./drivers/fsl_clock.o
CLOCK_BootToPeeMode                               ./drivers/fsl_clock.o
                                                  ./board/clock_config.o
CLOCK_CalcPllDiv                                  ./drivers/fsl_clock.o
CLOCK_ClearStatusFlags                            ./drivers/fsl_clock.o
CLOCK_DeinitOsc0                                  ./drivers/fsl_clock.o
CLOCK_EnablePll0                                  ./drivers/fsl_clock.o
CLOCK_EnableUsbfs0Clock                           ./drivers/fsl_clock.o
CLOCK_ExternalModeToFbeModeQuick                  ./drivers/fsl_clock.o
CLOCK_GetBusClkFreq                               ./drivers/fsl_clock.o
CLOCK_GetCoreSysClkFreq                           ./drivers/fsl_clock.o
                                                  ./board/board.o
CLOCK_GetEr32kClkFreq                             ./drivers/fsl_clock.o
CLOCK_GetFixedFreqClkFreq                         ./drivers/fsl_clock.o
CLOCK_GetFlashClkFreq                             ./drivers/fsl_clock.o
CLOCK_GetFlexBusClkFreq                           ./drivers/fsl_clock.o
CLOCK_GetFllFreq                                  ./drivers/fsl_clock.o
CLOCK_GetFreq                                     ./drivers/fsl_clock.o
                                                  ./source/uart_hardware_flow_control.o
CLOCK_GetInternalRefClkFreq                       ./drivers/fsl_clock.o
CLOCK_GetMode                                     ./drivers/fsl_clock.o
CLOCK_GetOsc0ErClkFreq                            ./drivers/fsl_clock.o
CLOCK_GetOutClkFreq                               ./drivers/fsl_clock.o
CLOCK_GetPlatClkFreq                              ./drivers/fsl_clock.o
CLOCK_GetPll0Freq                                 ./drivers/fsl_clock.o
CLOCK_GetPllFllSelClkFreq                         ./drivers/fsl_clock.o
CLOCK_GetStatusFlags                              ./drivers/fsl_clock.o
CLOCK_InitOsc0                                    ./drivers/fsl_clock.o
                                                  ./board/clock_config.o
CLOCK_InternalModeToFbiModeQuick                  ./drivers/fsl_clock.o
CLOCK_SetBlpeMode                                 ./drivers/fsl_clock.o
CLOCK_SetBlpiMode                                 ./drivers/fsl_clock.o
CLOCK_SetExternalRefClkConfig                     ./drivers/fsl_clock.o
CLOCK_SetFastIrcFreq                              ./drivers/fsl_clock.o
CLOCK_SetFbeMode                                  ./drivers/fsl_clock.o
CLOCK_SetFbiMode                                  ./drivers/fsl_clock.o
CLOCK_SetFeeMode                                  ./drivers/fsl_clock.o
CLOCK_SetFeiMode                                  ./drivers/fsl_clock.o
CLOCK_SetInternalRefClkConfig                     ./drivers/fsl_clock.o
                                                  ./board/clock_config.o
CLOCK_SetMcgConfig                                ./drivers/fsl_clock.o
CLOCK_SetOsc0MonitorMode                          ./drivers/fsl_clock.o
CLOCK_SetPbeMode                                  ./drivers/fsl_clock.o
CLOCK_SetPeeMode                                  ./drivers/fsl_clock.o
CLOCK_SetPll0MonitorMode                          ./drivers/fsl_clock.o
CLOCK_SetRtcOscMonitorMode                        ./drivers/fsl_clock.o
CLOCK_SetSimConfig                                ./drivers/fsl_clock.o
                                                  ./board/clock_config.o
CLOCK_SetSlowIrcFreq                              ./drivers/fsl_clock.o
CLOCK_TrimInternalRefClk                          ./drivers/fsl_clock.o
CMP0_DriverIRQHandler                             ./startup/startup_mk64f12.o
CMP0_IRQHandler                                   ./startup/startup_mk64f12.o
CMP1_DriverIRQHandler                             ./startup/startup_mk64f12.o
CMP1_IRQHandler                                   ./startup/startup_mk64f12.o
CMP2_DriverIRQHandler                             ./startup/startup_mk64f12.o
CMP2_IRQHandler                                   ./startup/startup_mk64f12.o
CMT_DriverIRQHandler                              ./startup/startup_mk64f12.o
CMT_IRQHandler                                    ./startup/startup_mk64f12.o
DAC0_DriverIRQHandler                             ./startup/startup_mk64f12.o
DAC0_IRQHandler                                   ./startup/startup_mk64f12.o
DAC1_DriverIRQHandler                             ./startup/startup_mk64f12.o
DAC1_IRQHandler                                   ./startup/startup_mk64f12.o
DMA0_DriverIRQHandler                             ./startup/startup_mk64f12.o
DMA0_IRQHandler                                   ./startup/startup_mk64f12.o
DMA10_DriverIRQHandler                            ./startup/startup_mk64f12.o
DMA10_IRQHandler                                  ./startup/startup_mk64f12.o
DMA11_DriverIRQHandler                            ./startup/startup_mk64f12.o
DMA11_IRQHandler                                  ./startup/startup_mk64f12.o
DMA12_DriverIRQHandler                            ./startup/startup_mk64f12.o
DMA12_IRQHandler                                  ./startup/startup_mk64f12.o
DMA13_DriverIRQHandler                            ./startup/startup_mk64f12.o
DMA13_IRQHandler                                  ./startup/startup_mk64f12.o
DMA14_DriverIRQHandler                            ./startup/startup_mk64f12.o
DMA14_IRQHandler                                  ./startup/startup_mk64f12.o
DMA15_DriverIRQHandler                            ./startup/startup_mk64f12.o
DMA15_IRQHandler                                  ./startup/startup_mk64f12.o
DMA1_DriverIRQHandler                             ./startup/startup_mk64f12.o
DMA1_IRQHandler                                   ./startup/startup_mk64f12.o
DMA2_DriverIRQHandler                             ./startup/startup_mk64f12.o
DMA2_IRQHandler                                   ./startup/startup_mk64f12.o
DMA3_DriverIRQHandler                             ./startup/startup_mk64f12.o
DMA3_IRQHandler                                   ./startup/startup_mk64f12.o
DMA4_DriverIRQHandler                             ./startup/startup_mk64f12.o
DMA4_IRQHandler                                   ./startup/startup_mk64f12.o
DMA5_DriverIRQHandler                             ./startup/startup_mk64f12.o
DMA5_IRQHandler                                   ./startup/startup_mk64f12.o
DMA6_DriverIRQHandler                             ./startup/startup_mk64f12.o
DMA6_IRQHandler                                   ./startup/startup_mk64f12.o
DMA7_DriverIRQHandler                             ./startup/startup_mk64f12.o
DMA7_IRQHandler                                   ./startup/startup_mk64f12.o
DMA8_DriverIRQHandler                             ./startup/startup_mk64f12.o
DMA8_IRQHandler                                   ./startup/startup_mk64f12.o
DMA9_DriverIRQHandler                             ./startup/startup_mk64f12.o
DMA9_IRQHandler                                   ./startup/startup_mk64f12.o
DMA_Error_DriverIRQHandler                        ./startup/startup_mk64f12.o
DMA_Error_IRQHandler                              ./startup/startup_mk64f12.o
DbgConsole_Deinit                                 ./utilities/fsl_debug_console.o
DbgConsole_Getchar                                ./utilities/fsl_debug_console.o
DbgConsole_Init                                   ./utilities/fsl_debug_console.o
                                                  ./board/board.o
DbgConsole_Printf                                 ./utilities/fsl_debug_console.o
                                                  ./source/uart_hardware_flow_control.o
                                                  ./utilities/fsl_assert.o
DbgConsole_Putchar                                ./utilities/fsl_debug_console.o